Archive member included to satisfy reference by file (symbol)

C:/RISCV/xpack/xpack-riscv-none-elf-gcc-14.2.0-3/bin/../lib/gcc/riscv-none-elf/14.2.0/../../../../riscv-none-elf/lib\libc.a(libc_a-memset.o)
                              ./src_kernel/src/stream_buffer.o (memset)
C:/RISCV/xpack/xpack-riscv-none-elf-gcc-14.2.0-3/bin/../lib/gcc/riscv-none-elf/14.2.0/../../../../riscv-none-elf/lib\libc.a(libc_a-memcpy.o)
                              ./src_kernel/src/queue.o (memcpy)
C:/RISCV/xpack/xpack-riscv-none-elf-gcc-14.2.0-3/bin/../lib/gcc/riscv-none-elf/14.2.0/../../../../riscv-none-elf/lib\libc.a(libc_a-strlen.o)
                              ./src_app/src/xprintf.o (strlen)
C:/RISCV/xpack/xpack-riscv-none-elf-gcc-14.2.0-3/bin/../lib/gcc/riscv-none-elf/14.2.0\libgcc.a(_clzsi2.o)
                              ./src_kernel/src/tasks.o (__clzsi2)
C:/RISCV/xpack/xpack-riscv-none-elf-gcc-14.2.0-3/bin/../lib/gcc/riscv-none-elf/14.2.0\libgcc.a(_udivdi3.o)
                              ./src_app/src/system.o (__udivdi3)
C:/RISCV/xpack/xpack-riscv-none-elf-gcc-14.2.0-3/bin/../lib/gcc/riscv-none-elf/14.2.0\libgcc.a(_umoddi3.o)
                              ./src_app/src/xprintf.o (__umoddi3)
C:/RISCV/xpack/xpack-riscv-none-elf-gcc-14.2.0-3/bin/../lib/gcc/riscv-none-elf/14.2.0\libgcc.a(adddf3.o)
                              ./src_app/src/xprintf.o (__adddf3)
C:/RISCV/xpack/xpack-riscv-none-elf-gcc-14.2.0-3/bin/../lib/gcc/riscv-none-elf/14.2.0\libgcc.a(divdf3.o)
                              ./src_app/src/xprintf.o (__divdf3)
C:/RISCV/xpack/xpack-riscv-none-elf-gcc-14.2.0-3/bin/../lib/gcc/riscv-none-elf/14.2.0\libgcc.a(eqdf2.o)
                              ./src_app/src/xprintf.o (__nedf2)
C:/RISCV/xpack/xpack-riscv-none-elf-gcc-14.2.0-3/bin/../lib/gcc/riscv-none-elf/14.2.0\libgcc.a(gedf2.o)
                              ./src_app/src/xprintf.o (__gedf2)
C:/RISCV/xpack/xpack-riscv-none-elf-gcc-14.2.0-3/bin/../lib/gcc/riscv-none-elf/14.2.0\libgcc.a(ledf2.o)
                              ./src_app/src/xprintf.o (__ledf2)
C:/RISCV/xpack/xpack-riscv-none-elf-gcc-14.2.0-3/bin/../lib/gcc/riscv-none-elf/14.2.0\libgcc.a(muldf3.o)
                              ./src_app/src/xprintf.o (__muldf3)
C:/RISCV/xpack/xpack-riscv-none-elf-gcc-14.2.0-3/bin/../lib/gcc/riscv-none-elf/14.2.0\libgcc.a(subdf3.o)
                              ./src_app/src/xprintf.o (__subdf3)
C:/RISCV/xpack/xpack-riscv-none-elf-gcc-14.2.0-3/bin/../lib/gcc/riscv-none-elf/14.2.0\libgcc.a(unorddf2.o)
                              ./src_app/src/xprintf.o (__unorddf2)
C:/RISCV/xpack/xpack-riscv-none-elf-gcc-14.2.0-3/bin/../lib/gcc/riscv-none-elf/14.2.0\libgcc.a(fixdfsi.o)
                              ./src_app/src/xprintf.o (__fixdfsi)
C:/RISCV/xpack/xpack-riscv-none-elf-gcc-14.2.0-3/bin/../lib/gcc/riscv-none-elf/14.2.0\libgcc.a(floatsidf.o)
                              ./src_app/src/xprintf.o (__floatsidf)
C:/RISCV/xpack/xpack-riscv-none-elf-gcc-14.2.0-3/bin/../lib/gcc/riscv-none-elf/14.2.0\libgcc.a(addsf3.o)
                              ./src_app/src/touchlcd_res.o (__addsf3)
C:/RISCV/xpack/xpack-riscv-none-elf-gcc-14.2.0-3/bin/../lib/gcc/riscv-none-elf/14.2.0\libgcc.a(divsf3.o)
                              ./src_app/src/touchlcd_res.o (__divsf3)
C:/RISCV/xpack/xpack-riscv-none-elf-gcc-14.2.0-3/bin/../lib/gcc/riscv-none-elf/14.2.0\libgcc.a(gesf2.o)
                              ./src_app/src/touchlcd_res.o (__gesf2)
C:/RISCV/xpack/xpack-riscv-none-elf-gcc-14.2.0-3/bin/../lib/gcc/riscv-none-elf/14.2.0\libgcc.a(lesf2.o)
                              ./src_app/src/touchlcd_res.o (__ltsf2)
C:/RISCV/xpack/xpack-riscv-none-elf-gcc-14.2.0-3/bin/../lib/gcc/riscv-none-elf/14.2.0\libgcc.a(mulsf3.o)
                              ./src_app/src/touchlcd_res.o (__mulsf3)
C:/RISCV/xpack/xpack-riscv-none-elf-gcc-14.2.0-3/bin/../lib/gcc/riscv-none-elf/14.2.0\libgcc.a(subsf3.o)
                              ./src_app/src/touchlcd_res.o (__subsf3)
C:/RISCV/xpack/xpack-riscv-none-elf-gcc-14.2.0-3/bin/../lib/gcc/riscv-none-elf/14.2.0\libgcc.a(fixunssfsi.o)
                              ./src_app/src/touchlcd_res.o (__fixunssfsi)
C:/RISCV/xpack/xpack-riscv-none-elf-gcc-14.2.0-3/bin/../lib/gcc/riscv-none-elf/14.2.0\libgcc.a(floatunsisf.o)
                              ./src_app/src/touchlcd_res.o (__floatunsisf)
C:/RISCV/xpack/xpack-riscv-none-elf-gcc-14.2.0-3/bin/../lib/gcc/riscv-none-elf/14.2.0\libgcc.a(_clz.o)
                              C:/RISCV/xpack/xpack-riscv-none-elf-gcc-14.2.0-3/bin/../lib/gcc/riscv-none-elf/14.2.0\libgcc.a(_clzsi2.o) (__clz_tab)

Discarded input sections

 .group         0x00000000        0xc ./src_kernel/src/croutine.o
 .group         0x00000000        0xc ./src_kernel/src/croutine.o
 .group         0x00000000        0xc ./src_kernel/src/croutine.o
 .group         0x00000000        0xc ./src_kernel/src/croutine.o
 .group         0x00000000        0xc ./src_kernel/src/croutine.o
[...]
Memory Configuration

Name             Origin             Length             Attributes
ROM              0x90000000         0x00020000         xr
SDR              0x80000000         0x04000000         rw
RAM              0x88000000         0x00008000         rw
*default*        0x00000000         0xffffffff

Linker script and memory map

LOAD ./src_kernel/src/croutine.o
LOAD ./src_kernel/src/event_groups.o
LOAD ./src_kernel/src/heap_4.o
LOAD ./src_kernel/src/list.o
LOAD ./src_kernel/src/port.o
LOAD ./src_kernel/src/portASM.o
LOAD ./src_kernel/src/queue.o
LOAD ./src_kernel/src/riscv-virt.o
LOAD ./src_kernel/src/stream_buffer.o
LOAD ./src_kernel/src/tasks.o
LOAD ./src_kernel/src/timers.o
LOAD ./src_app/src/cui_141pf.o
LOAD ./src_app/src/gpio.o
LOAD ./src_app/src/gui_141pf.o
LOAD ./src_app/src/i2c.o
LOAD ./src_app/src/interrupt.o
LOAD ./src_app/src/libc-hooks.o
LOAD ./src_app/src/main.o
LOAD ./src_app/src/mcs4.o
LOAD ./src_app/src/spi.o
LOAD ./src_app/src/startup.o
LOAD ./src_app/src/system.o
LOAD ./src_app/src/touchlcd_cap.o
LOAD ./src_app/src/touchlcd_res.o
LOAD ./src_app/src/touchlcd_tft.o
LOAD ./src_app/src/uart.o
LOAD ./src_app/src/xprintf.o
LOAD C:/RISCV/xpack/xpack-riscv-none-elf-gcc-14.2.0-3/bin/../lib/gcc/riscv-none-elf/14.2.0/../../../../riscv-none-elf/lib\libm.a
LOAD C:/RISCV/xpack/xpack-riscv-none-elf-gcc-14.2.0-3/bin/../lib/gcc/riscv-none-elf/14.2.0/../../../../riscv-none-elf/lib\libc.a
LOAD C:/RISCV/xpack/xpack-riscv-none-elf-gcc-14.2.0-3/bin/../lib/gcc/riscv-none-elf/14.2.0\libgcc.a
                0x00040000                        STACK_SIZE = 0x40000

.vectors        0x90000000        0x8
                0x90000000                        . = ALIGN (0x100)
 *(.vectors)
 .vectors       0x90000000        0x4 ./src_app/src/startup.o
 FILL mask 0x00000000
                0x90000004        0x4 LONG 0x0

.trap           0x90000008       0xfc
                0x90000100                        . = ALIGN (0x100)
 *fill*         0x90000008       0xf8 
 *(.trap)
 FILL mask 0x00000000
                0x90000100        0x4 LONG 0x0

.startup        0x90000104      0x16e
                0x90000200                        . = ALIGN (0x100)
 *fill*         0x90000104       0xfc 
 *(.startup*)
 .startup       0x90000200       0x6e ./src_app/src/startup.o
                0x90000200                _start
 *(.startup)
 FILL mask 0x00000000
                0x9000026e        0x4 LONG 0x0

.text           0x90000300     0xc1a8
                0x90000300                        . = ALIGN (0x100)
                [!provide]                        PROVIDE (__TEXT_START__ = .)
 *(.text.main)
 *(.text)
 .text          0x90000300      0x42c ./src_kernel/src/portASM.o
                0x90000300                freertos_risc_v_trap_handler
                0x90000500                xPortStartFirstTask
                0x90000600                pxPortInitialiseStack
 .text          0x9000072c       0xa8 C:/RISCV/xpack/xpack-riscv-none-elf-gcc-14.2.0-3/bin/../lib/gcc/riscv-none-elf/14.2.0/../../../../riscv-none-elf/lib\libc.a(libc_a-memset.o)
                0x9000072c                memset
 *(.text.*)
 .text.pvPortMalloc
                0x900007d4      0x1bc ./src_kernel/src/heap_4.o
                0x900007d4                pvPortMalloc
 .text.vPortFree
                0x90000990       0xc8 ./src_kernel/src/heap_4.o
                0x90000990                vPortFree
 .text.vListInitialise
                0x90000a58       0x14 ./src_kernel/src/list.o
                0x90000a58                vListInitialise
 .text.vListInitialiseItem
                0x90000a6c        0x6 ./src_kernel/src/list.o
                0x90000a6c                vListInitialiseItem
 .text.vListInsert
                0x90000a72       0x2e ./src_kernel/src/list.o
                0x90000a72                vListInsert
 .text.uxListRemove
                0x90000aa0       0x2e ./src_kernel/src/list.o
                0x90000aa0                uxListRemove
 .text.vPortSetupTimerInterrupt
                0x90000ace       0x58 ./src_kernel/src/port.o
                0x90000ace                vPortSetupTimerInterrupt
 .text.xPortStartScheduler
                0x90000b26       0x1a ./src_kernel/src/port.o
                0x90000b26                xPortStartScheduler
 .text.xQueueGenericCreate
                0x90000b40       0x98 ./src_kernel/src/queue.o
                0x90000b40                xQueueGenericCreate
 .text.xQueueGenericSend
                0x90000bd8      0x3aa ./src_kernel/src/queue.o
                0x90000bd8                xQueueGenericSend
 .text.xQueueCreateMutex
                0x90000f82       0x76 ./src_kernel/src/queue.o
                0x90000f82                xQueueCreateMutex
 .text.xQueueGiveFromISR
                0x90000ff8       0x50 ./src_kernel/src/queue.o
                0x90000ff8                xQueueGiveFromISR
 .text.xQueueReceive
                0x90001048      0x304 ./src_kernel/src/queue.o
                0x90001048                xQueueReceive
 .text.xQueueSemaphoreTake
                0x9000134c      0x33a ./src_kernel/src/queue.o
                0x9000134c                xQueueSemaphoreTake
 .text.vQueueAddToRegistry
                0x90001686      0x11c ./src_kernel/src/queue.o
                0x90001686                vQueueAddToRegistry
 .text.vQueueWaitForMessageRestricted
                0x900017a2       0xfc ./src_kernel/src/queue.o
                0x900017a2                vQueueWaitForMessageRestricted
 .text.prvIdleTask
                0x9000189e       0xa0 ./src_kernel/src/tasks.o
 .text.xTaskCreate
                0x9000193e      0x2f6 ./src_kernel/src/tasks.o
                0x9000193e                xTaskCreate
 .text.vTaskStartScheduler
                0x90001c34      0x280 ./src_kernel/src/tasks.o
                0x90001c34                vTaskStartScheduler
 .text.vTaskSuspendAll
                0x90001eb4       0x10 ./src_kernel/src/tasks.o
                0x90001eb4                vTaskSuspendAll
 .text.xTaskGetTickCount
                0x90001ec4        0xa ./src_kernel/src/tasks.o
                0x90001ec4                xTaskGetTickCount
 .text.xTaskIncrementTick
                0x90001ece      0x1d0 ./src_kernel/src/tasks.o
                0x90001ece                xTaskIncrementTick
 .text.xTaskResumeAll
                0x9000209e      0x1ba ./src_kernel/src/tasks.o
                0x9000209e                xTaskResumeAll
 .text.vTaskDelay
                0x90002258       0xb6 ./src_kernel/src/tasks.o
                0x90002258                vTaskDelay
 .text.vTaskSwitchContext
                0x9000230e       0xb2 ./src_kernel/src/tasks.o
                0x9000230e                vTaskSwitchContext
 .text.vTaskPlaceOnEventList
                0x900023c0       0xf8 ./src_kernel/src/tasks.o
                0x900023c0                vTaskPlaceOnEventList
 .text.vTaskPlaceOnEventListRestricted
                0x900024b8      0x19a ./src_kernel/src/tasks.o
                0x900024b8                vTaskPlaceOnEventListRestricted
 .text.xTaskRemoveFromEventList
                0x90002652       0xd4 ./src_kernel/src/tasks.o
                0x90002652                xTaskRemoveFromEventList
 .text.vTaskInternalSetTimeOutState
                0x90002726       0x16 ./src_kernel/src/tasks.o
                0x90002726                vTaskInternalSetTimeOutState
 .text.xTaskCheckForTimeOut
                0x9000273c       0xb0 ./src_kernel/src/tasks.o
                0x9000273c                xTaskCheckForTimeOut
 .text.vTaskMissedYield
                0x900027ec        0xc ./src_kernel/src/tasks.o
                0x900027ec                vTaskMissedYield
 .text.xTaskPriorityInherit
                0x900027f8       0xec ./src_kernel/src/tasks.o
                0x900027f8                xTaskPriorityInherit
 .text.xTaskPriorityDisinherit
                0x900028e4       0xa8 ./src_kernel/src/tasks.o
                0x900028e4                xTaskPriorityDisinherit
 .text.vTaskPriorityDisinheritAfterTimeout
                0x9000298c       0xc0 ./src_kernel/src/tasks.o
                0x9000298c                vTaskPriorityDisinheritAfterTimeout
 .text.vTaskEnterCritical
                0x90002a4c       0x22 ./src_kernel/src/tasks.o
                0x90002a4c                vTaskEnterCritical
 .text.vTaskExitCritical
                0x90002a6e       0x2e ./src_kernel/src/tasks.o
                0x90002a6e                vTaskExitCritical
 .text.pvTaskIncrementMutexHeldCount
                0x90002a9c       0x1a ./src_kernel/src/tasks.o
                0x90002a9c                pvTaskIncrementMutexHeldCount
 .text.prvTimerTask
                0x90002ab6      0x33e ./src_kernel/src/timers.o
 .text.xTimerCreateTimerTask
                0x90002df4       0xae ./src_kernel/src/timers.o
                0x90002df4                xTimerCreateTimerTask
 .text.Task_CUI_141PF_Prt
                0x90002ea2      0x2d2 ./src_app/src/cui_141pf.o
 .text.Main_CUI_141PF
                0x90003174       0x90 ./src_app/src/cui_141pf.o
                0x90003174                Main_CUI_141PF
 .text.External_Interrupt_Handler
                0x90003204       0x32 ./src_app/src/cui_141pf.o
                0x90003204                External_Interrupt_Handler
 .text.MCS4_CUI_141PF_Key_Control
                0x90003236      0x5de ./src_app/src/cui_141pf.o
                0x90003236                MCS4_CUI_141PF_Key_Control
 .text.Task_CUI_141PF_Key
                0x90003814       0x80 ./src_app/src/cui_141pf.o
 .text.GPIO_PutCharSEG
                0x90003894       0x72 ./src_app/src/gpio.o
                0x90003894                GPIO_PutCharSEG
 .text.GPIO_Init
                0x90003906       0x4c ./src_app/src/gpio.o
                0x90003906                GPIO_Init
 .text.GPIO_GetKEY
                0x90003952       0x10 ./src_app/src/gpio.o
                0x90003952                GPIO_GetKEY
 .text.GPIO_GetSW10
                0x90003962        0xc ./src_app/src/gpio.o
                0x90003962                GPIO_GetSW10
 .text.MCS4_GUI_141PF_Key_Control.part.0
                0x9000396e       0xde ./src_app/src/gui_141pf.o
 .text.Draw_Key
                0x90003a4c      0x102 ./src_app/src/gui_141pf.o
                0x90003a4c                Draw_Key
 .text.Draw_Lamps
                0x90003b4e      0x16e ./src_app/src/gui_141pf.o
                0x90003b4e                Draw_Lamps
 .text.Draw_Config_Controls
                0x90003cbc       0xc2 ./src_app/src/gui_141pf.o
                0x90003cbc                Draw_Config_Controls
 .text.Set_Config
                0x90003d7e       0x96 ./src_app/src/gui_141pf.o
                0x90003d7e                Set_Config
 .text.Draw_Paper_Feed
                0x90003e14      0x168 ./src_app/src/gui_141pf.o
                0x90003e14                Draw_Paper_Feed
 .text.Draw_Main_Screen
                0x90003f7c      0x156 ./src_app/src/gui_141pf.o
                0x90003f7c                Draw_Main_Screen
 .text.Main_GUI_141PF
                0x900040d2      0x126 ./src_app/src/gui_141pf.o
                0x900040d2                Main_GUI_141PF
 .text.Do_Config
                0x900041f8      0x8c0 ./src_app/src/gui_141pf.o
                0x900041f8                Do_Config
 .text.Task_GUI_141PF_Key
                0x90004ab8      0x33a ./src_app/src/gui_141pf.o
 .text.MCS4_GUI_141PF_Prt_Control
                0x90004df2      0x874 ./src_app/src/gui_141pf.o
                0x90004df2                MCS4_GUI_141PF_Prt_Control
 .text.Task_GUI_141PF_Prt
                0x90005666       0x40 ./src_app/src/gui_141pf.o
 .text.I2C_Init
                0x900056a6       0x50 ./src_app/src/i2c.o
                0x900056a6                I2C_Init
 .text.I2C_WriteByte
                0x900056f6       0x90 ./src_app/src/i2c.o
                0x900056f6                I2C_WriteByte
 .text.I2C_ReadByte
                0x90005786       0xba ./src_app/src/i2c.o
                0x90005786                I2C_ReadByte
 .text.I2C_ReadMultiBytes
                0x90005840       0xe8 ./src_app/src/i2c.o
                0x90005840                I2C_ReadMultiBytes
 .text.INT_Init
                0x90005928       0x16 ./src_app/src/interrupt.o
                0x90005928                INT_Init
 .text.startup.main
                0x9000593e      0x124 ./src_app/src/main.o
                0x9000593e                main
 .text.vApplicationMallocFailedHook
                0x90005a62        0x6 ./src_app/src/main.o
                0x90005a62                vApplicationMallocFailedHook
 .text.vApplicationStackOverflowHook
                0x90005a68        0x6 ./src_app/src/main.o
                0x90005a68                vApplicationStackOverflowHook
 .text.vApplicationTickHook
                0x90005a6e        0x2 ./src_app/src/main.o
                0x90005a6e                vApplicationTickHook
 .text.MCS4_ROM_Stote_141PF
                0x90005a70       0xfe ./src_app/src/mcs4.o
                0x90005a70                MCS4_ROM_Stote_141PF
 .text.MCS4_ROM_Stote_PI4004
                0x90005b6e      0x118 ./src_app/src/mcs4.o
                0x90005b6e                MCS4_ROM_Stote_PI4004
 .text.MCS4_ROM_Detection
                0x90005c86       0x28 ./src_app/src/mcs4.o
                0x90005c86                MCS4_ROM_Detection
 .text.SPI_Init
                0x90005cae       0x1c ./src_app/src/spi.o
                0x90005cae                SPI_Init
 .text.SPI_TxRx
                0x90005cca       0x1e ./src_app/src/spi.o
                0x90005cca                SPI_TxRx
 .text.SPI_Set_Chip_Select
                0x90005ce8        0xa ./src_app/src/spi.o
                0x90005ce8                SPI_Set_Chip_Select
 .text.SPI_Set_SCK_Speed
                0x90005cf2       0x1a ./src_app/src/spi.o
                0x90005cf2                SPI_Set_SCK_Speed
 .text.Get_System_Freq
                0x90005d0c       0x1c ./src_app/src/system.o
                0x90005d0c                Get_System_Freq
 .text.Wait_mSec
                0x90005d28       0x6a ./src_app/src/system.o
                0x90005d28                Wait_mSec
 .text.TOUCH_CAP_Init
                0x90005d92       0x3e ./src_app/src/touchlcd_cap.o
                0x90005d92                TOUCH_CAP_Init
 .text.TOUCH_CAP_Touched
                0x90005dd0       0x1a ./src_app/src/touchlcd_cap.o
                0x90005dd0                TOUCH_CAP_Touched
 .text.TOUCH_CAP_Get_Point
                0x90005dea       0x52 ./src_app/src/touchlcd_cap.o
                0x90005dea                TOUCH_CAP_Get_Point
 .text.TOUCH_RES_Buffer_Empty
                0x90005e3c       0x42 ./src_app/src/touchlcd_res.o
                0x90005e3c                TOUCH_RES_Buffer_Empty
 .text.TOUCH_RES_Touched
                0x90005e7e       0x40 ./src_app/src/touchlcd_res.o
                0x90005e7e                TOUCH_RES_Touched
 .text.TOUCH_RES_Read_Data
                0x90005ebe       0x8a ./src_app/src/touchlcd_res.o
                0x90005ebe                TOUCH_RES_Read_Data
 .text.TOUCH_RES_Buffer_Clear
                0x90005f48       0x52 ./src_app/src/touchlcd_res.o
                0x90005f48                TOUCH_RES_Buffer_Clear
 .text.TOUCH_RES_Calibration.part.0
                0x90005f9a      0x670 ./src_app/src/touchlcd_res.o
 .text.TOUCH_RES_Init
                0x9000660a      0x2d2 ./src_app/src/touchlcd_res.o
                0x9000660a                TOUCH_RES_Init
 .text.TOUCH_RES_Get_Point
                0x900068dc      0x176 ./src_app/src/touchlcd_res.o
                0x900068dc                TOUCH_RES_Get_Point
 .text.LCD_Set_Memory_Window
                0x90006a52       0xc2 ./src_app/src/touchlcd_tft.o
                0x90006a52                LCD_Set_Memory_Window
 .text.LCD_Fill_Rect
                0x90006b14       0xb0 ./src_app/src/touchlcd_tft.o
                0x90006b14                LCD_Fill_Rect
 .text.LCD_Init
                0x90006bc4      0x16a ./src_app/src/touchlcd_tft.o
                0x90006bc4                LCD_Init
 .text.LCD_Draw_Rect
                0x90006d2e      0x102 ./src_app/src/touchlcd_tft.o
                0x90006d2e                LCD_Draw_Rect
 .text.LCD_Draw_Char
                0x90006e30      0x156 ./src_app/src/touchlcd_tft.o
                0x90006e30                LCD_Draw_Char
 .text.LCD_Draw_Char_Any_Pos
                0x90006f86      0x14a ./src_app/src/touchlcd_tft.o
                0x90006f86                LCD_Draw_Char_Any_Pos
 .text.LCD_Draw_String
                0x900070d0       0x9e ./src_app/src/touchlcd_tft.o
                0x900070d0                LCD_Draw_String
 .text.LCD_Draw_String_Any_Pos
                0x9000716e       0x96 ./src_app/src/touchlcd_tft.o
                0x9000716e                LCD_Draw_String_Any_Pos
 .text.UART_TxD
                0x90007204       0x18 ./src_app/src/uart.o
                0x90007204                UART_TxD
 .text.UART_RxD
                0x9000721c       0x18 ./src_app/src/uart.o
                0x9000721c                UART_RxD
 .text.INT_UART_Check
                0x90007234       0x14 ./src_app/src/uart.o
                0x90007234                INT_UART_Check
 .text.UART_Init
                0x90007248       0x5a ./src_app/src/uart.o
                0x90007248                UART_Init
 .text.putchar  0x900072a2       0x3c ./src_app/src/uart.o
                0x900072a2                putchar
 .text.ftoa     0x900072de      0xe1e ./src_app/src/xprintf.o
 .text.xvfprintf
                0x900080fc      0x8be ./src_app/src/xprintf.o
 .text.xprintf  0x900089ba       0x30 ./src_app/src/xprintf.o
                0x900089ba                xprintf
 .text.memcpy   0x900089ea       0xec C:/RISCV/xpack/xpack-riscv-none-elf-gcc-14.2.0-3/bin/../lib/gcc/riscv-none-elf/14.2.0/../../../../riscv-none-elf/lib\libc.a(libc_a-memcpy.o)
                0x900089ea                memcpy
 .text.strlen   0x90008ad6       0x64 C:/RISCV/xpack/xpack-riscv-none-elf-gcc-14.2.0-3/bin/../lib/gcc/riscv-none-elf/14.2.0/../../../../riscv-none-elf/lib\libc.a(libc_a-strlen.o)
                0x90008ad6                strlen
 .text.__clzsi2
                0x90008b3a       0x6e C:/RISCV/xpack/xpack-riscv-none-elf-gcc-14.2.0-3/bin/../lib/gcc/riscv-none-elf/14.2.0\libgcc.a(_clzsi2.o)
                0x90008b3a                __clzsi2
 .text.__udivdi3
                0x90008ba8      0x3a6 C:/RISCV/xpack/xpack-riscv-none-elf-gcc-14.2.0-3/bin/../lib/gcc/riscv-none-elf/14.2.0\libgcc.a(_udivdi3.o)
                0x90008ba8                __udivdi3
 .text.__umoddi3
                0x90008f4e      0x38e C:/RISCV/xpack/xpack-riscv-none-elf-gcc-14.2.0-3/bin/../lib/gcc/riscv-none-elf/14.2.0\libgcc.a(_umoddi3.o)
                0x90008f4e                __umoddi3
 .text.__adddf3
                0x900092dc      0x8c6 C:/RISCV/xpack/xpack-riscv-none-elf-gcc-14.2.0-3/bin/../lib/gcc/riscv-none-elf/14.2.0\libgcc.a(adddf3.o)
                0x900092dc                __adddf3
 .text.__divdf3
                0x90009ba2      0x5f0 C:/RISCV/xpack/xpack-riscv-none-elf-gcc-14.2.0-3/bin/../lib/gcc/riscv-none-elf/14.2.0\libgcc.a(divdf3.o)
                0x90009ba2                __divdf3
 .text.__eqdf2  0x9000a192       0x6c C:/RISCV/xpack/xpack-riscv-none-elf-gcc-14.2.0-3/bin/../lib/gcc/riscv-none-elf/14.2.0\libgcc.a(eqdf2.o)
                0x9000a192                __nedf2
                0x9000a192                __eqdf2
 .text.__gedf2  0x9000a1fe       0xbe C:/RISCV/xpack/xpack-riscv-none-elf-gcc-14.2.0-3/bin/../lib/gcc/riscv-none-elf/14.2.0\libgcc.a(gedf2.o)
                0x9000a1fe                __gedf2
                0x9000a1fe                __gtdf2
 .text.__ledf2  0x9000a2bc       0xc0 C:/RISCV/xpack/xpack-riscv-none-elf-gcc-14.2.0-3/bin/../lib/gcc/riscv-none-elf/14.2.0\libgcc.a(ledf2.o)
                0x9000a2bc                __ledf2
                0x9000a2bc                __ltdf2
 .text.__muldf3
                0x9000a37c      0x556 C:/RISCV/xpack/xpack-riscv-none-elf-gcc-14.2.0-3/bin/../lib/gcc/riscv-none-elf/14.2.0\libgcc.a(muldf3.o)
                0x9000a37c                __muldf3
 .text.__subdf3
                0x9000a8d2      0x8b8 C:/RISCV/xpack/xpack-riscv-none-elf-gcc-14.2.0-3/bin/../lib/gcc/riscv-none-elf/14.2.0\libgcc.a(subdf3.o)
                0x9000a8d2                __subdf3
 .text.__unorddf2
                0x9000b18a       0x3c C:/RISCV/xpack/xpack-riscv-none-elf-gcc-14.2.0-3/bin/../lib/gcc/riscv-none-elf/14.2.0\libgcc.a(unorddf2.o)
                0x9000b18a                __unorddf2
 .text.__fixdfsi
                0x9000b1c6       0x66 C:/RISCV/xpack/xpack-riscv-none-elf-gcc-14.2.0-3/bin/../lib/gcc/riscv-none-elf/14.2.0\libgcc.a(fixdfsi.o)
                0x9000b1c6                __fixdfsi
 .text.__floatsidf
                0x9000b22c       0x78 C:/RISCV/xpack/xpack-riscv-none-elf-gcc-14.2.0-3/bin/../lib/gcc/riscv-none-elf/14.2.0\libgcc.a(floatsidf.o)
                0x9000b22c                __floatsidf
 .text.__addsf3
                0x9000b2a4      0x4c6 C:/RISCV/xpack/xpack-riscv-none-elf-gcc-14.2.0-3/bin/../lib/gcc/riscv-none-elf/14.2.0\libgcc.a(addsf3.o)
                0x9000b2a4                __addsf3
 .text.__divsf3
                0x9000b76a      0x2c4 C:/RISCV/xpack/xpack-riscv-none-elf-gcc-14.2.0-3/bin/../lib/gcc/riscv-none-elf/14.2.0\libgcc.a(divsf3.o)
                0x9000b76a                __divsf3
 .text.__gesf2  0x9000ba2e       0x9a C:/RISCV/xpack/xpack-riscv-none-elf-gcc-14.2.0-3/bin/../lib/gcc/riscv-none-elf/14.2.0\libgcc.a(gesf2.o)
                0x9000ba2e                __gesf2
                0x9000ba2e                __gtsf2
 .text.__lesf2  0x9000bac8       0x9e C:/RISCV/xpack/xpack-riscv-none-elf-gcc-14.2.0-3/bin/../lib/gcc/riscv-none-elf/14.2.0\libgcc.a(lesf2.o)
                0x9000bac8                __ltsf2
                0x9000bac8                __lesf2
 .text.__mulsf3
                0x9000bb66      0x314 C:/RISCV/xpack/xpack-riscv-none-elf-gcc-14.2.0-3/bin/../lib/gcc/riscv-none-elf/14.2.0\libgcc.a(mulsf3.o)
                0x9000bb66                __mulsf3
 .text.__subsf3
                0x9000be7a      0x4fc C:/RISCV/xpack/xpack-riscv-none-elf-gcc-14.2.0-3/bin/../lib/gcc/riscv-none-elf/14.2.0\libgcc.a(subsf3.o)
                0x9000be7a                __subsf3
 .text.__fixunssfsi
                0x9000c376       0x52 C:/RISCV/xpack/xpack-riscv-none-elf-gcc-14.2.0-3/bin/../lib/gcc/riscv-none-elf/14.2.0\libgcc.a(fixunssfsi.o)
                0x9000c376                __fixunssfsi
 .text.__floatunsisf
                0x9000c3c8       0xe0 C:/RISCV/xpack/xpack-riscv-none-elf-gcc-14.2.0-3/bin/../lib/gcc/riscv-none-elf/14.2.0\libgcc.a(floatunsisf.o)
                0x9000c3c8                __floatunsisf
                0x9000c4a8                        . = ALIGN (0x4)
                [!provide]                        PROVIDE (__TEXT_END__ = .)

.rodata         0x9000c4a8     0x1fa4
                0x9000c500                        . = ALIGN (0x100)
 *fill*         0x9000c4a8       0x58 
 *(.rodata)
 .rodata        0x9000c500       0x9c ./src_app/src/cui_141pf.o
 *(.rodata.*)
 .rodata.prvTimerTask
                0x9000c59c       0x28 ./src_kernel/src/timers.o
 .rodata.xTimerCreateTimerTask.str1.4
                0x9000c5c4      0x34c ./src_kernel/src/timers.o
                                 0x10 (size before relaxing)
 .rodata.Task_CUI_141PF_Prt.str1.4
                0x9000c910       0x29 ./src_app/src/cui_141pf.o
 .rodata.Main_CUI_141PF.str1.4
                0x9000c910        0x8 ./src_app/src/cui_141pf.o
 .rodata.MCS4_CUI_141PF_Key_Control.str1.4
                0x9000c910      0x123 ./src_app/src/cui_141pf.o
 .rodata.MCS4_CUI_141PF_Key_Control
                0x9000c910       0xe0 ./src_app/src/cui_141pf.o
 .rodata.str1.4
                0x9000c9f0       0x8a ./src_app/src/cui_141pf.o
 .rodata.LED7SEG_ASCII
                0x9000c9f0       0x80 ./src_app/src/gpio.o
 .rodata.Draw_Lamps.str1.4
                0x9000ca70        0xc ./src_app/src/gui_141pf.o
 .rodata.Set_Config
                0x9000ca70       0x2c ./src_app/src/gui_141pf.o
 .rodata.Draw_Main_Screen.str1.4
                0x9000ca9c       0x29 ./src_app/src/gui_141pf.o
 .rodata.Main_GUI_141PF.str1.4
                0x9000ca9c        0x8 ./src_app/src/gui_141pf.o
 .rodata.Do_Config.str1.4
                0x9000ca9c       0x19 ./src_app/src/gui_141pf.o
 .rodata.Do_Config
                0x9000ca9c       0x34 ./src_app/src/gui_141pf.o
 .rodata.MCS4_GUI_141PF_Prt_Control.str1.4
                0x9000cad0       0x2e ./src_app/src/gui_141pf.o
 .rodata.str1.4
                0x9000cad0       0x73 ./src_app/src/gui_141pf.o
 .rodata.BTN_SIZY
                0x9000cad0       0x18 ./src_app/src/gui_141pf.o
                0x9000cad0                BTN_SIZY
 .rodata.BTN_SIZX
                0x9000cae8       0x18 ./src_app/src/gui_141pf.o
                0x9000cae8                BTN_SIZX
 .rodata.BTN_POSY
                0x9000cb00       0x18 ./src_app/src/gui_141pf.o
                0x9000cb00                BTN_POSY
 .rodata.BTN_POSX
                0x9000cb18       0x18 ./src_app/src/gui_141pf.o
                0x9000cb18                BTN_POSX
 .rodata.KEY_LED7_CHAR
                0x9000cb30       0x20 ./src_app/src/gui_141pf.o
                0x9000cb30                KEY_LED7_CHAR
 .rodata.KEY_CODE
                0x9000cb50       0x80 ./src_app/src/gui_141pf.o
                0x9000cb50                KEY_CODE
 .rodata.KEY_STRING_SCALE
                0x9000cbd0       0x80 ./src_app/src/gui_141pf.o
                0x9000cbd0                KEY_STRING_SCALE
 .rodata.KEY_STRING_POSY
                0x9000cc50       0x40 ./src_app/src/gui_141pf.o
                0x9000cc50                KEY_STRING_POSY
 .rodata.KEY_STRING_POSX
                0x9000cc90       0x40 ./src_app/src/gui_141pf.o
                0x9000cc90                KEY_STRING_POSX
 .rodata.KEY_STRING_COLOR
                0x9000ccd0       0x40 ./src_app/src/gui_141pf.o
                0x9000ccd0                KEY_STRING_COLOR
 .rodata.KEY_COLOR_ON
                0x9000cd10       0x40 ./src_app/src/gui_141pf.o
                0x9000cd10                KEY_COLOR_ON
 .rodata.KEY_COLOR_OFF
                0x9000cd50       0x40 ./src_app/src/gui_141pf.o
                0x9000cd50                KEY_COLOR_OFF
 .rodata.KEY_SIZY
                0x9000cd90       0x40 ./src_app/src/gui_141pf.o
                0x9000cd90                KEY_SIZY
 .rodata.KEY_SIZX
                0x9000cdd0       0x40 ./src_app/src/gui_141pf.o
                0x9000cdd0                KEY_SIZX
 .rodata.KEY_POSY
                0x9000ce10       0x40 ./src_app/src/gui_141pf.o
                0x9000ce10                KEY_POSY
 .rodata.KEY_POSX
                0x9000ce50       0x40 ./src_app/src/gui_141pf.o
                0x9000ce50                KEY_POSX
 .rodata.main.str1.4
                0x9000ce90       0x8c ./src_app/src/main.o
 .rodata.pi4004_hex
                0x9000ce90      0x5e1 ./src_app/src/mcs4.o
                0x9000ce90                pi4004_hex
 *fill*         0x9000d471        0x3 
 .rodata.calc141pf_hex
                0x9000d474      0x981 ./src_app/src/mcs4.o
                0x9000d474                calc141pf_hex
 *fill*         0x9000ddf5        0x3 
 .rodata.LCD_INIT
                0x9000ddf8       0x6d ./src_app/src/touchlcd_tft.o
 *fill*         0x9000de65        0x3 
 .rodata.FONT   0x9000de68      0x358 ./src_app/src/touchlcd_tft.o
 .rodata.ftoa.str1.4
                0x9000e1c0        0xc ./src_app/src/xprintf.o
 .rodata.xvfprintf.str1.4
                0x9000e1c0        0x1 ./src_app/src/xprintf.o
 .rodata.xvfprintf
                0x9000e1c0       0xd0 ./src_app/src/xprintf.o
 .rodata.__divdf3
                0x9000e290       0x40 C:/RISCV/xpack/xpack-riscv-none-elf-gcc-14.2.0-3/bin/../lib/gcc/riscv-none-elf/14.2.0\libgcc.a(divdf3.o)
 .rodata.__divsf3
                0x9000e2d0       0x7c C:/RISCV/xpack/xpack-riscv-none-elf-gcc-14.2.0-3/bin/../lib/gcc/riscv-none-elf/14.2.0\libgcc.a(divsf3.o)
 .rodata.__clz_tab
                0x9000e34c      0x100 C:/RISCV/xpack/xpack-riscv-none-elf-gcc-14.2.0-3/bin/../lib/gcc/riscv-none-elf/14.2.0\libgcc.a(_clz.o)
                0x9000e34c                __clz_tab
                0x9000e44c                        . = ALIGN (0x4)

.srodata        0x9000e450      0x120
                0x9000e500                        . = ALIGN (0x100)
 *fill*         0x9000e450       0xb0 
 *(.srodata)
 *(.srodata*)
 .srodata.xISRStackTop
                0x9000e500        0x4 ./src_kernel/src/port.o
                0x9000e500                xISRStackTop
 .srodata.uxTopUsedPriority
                0x9000e504        0x4 ./src_kernel/src/tasks.o
                0x9000e504                uxTopUsedPriority
 .srodata.STR_MUL
                0x9000e508        0x2 ./src_app/src/gui_141pf.o
                0x9000e508                STR_MUL
 *fill*         0x9000e50a        0x2 
 .srodata.STR_DIV
                0x9000e50c        0x2 ./src_app/src/gui_141pf.o
                0x9000e50c                STR_DIV
 *fill*         0x9000e50e        0x2 
 .srodata.STR_MS
                0x9000e510        0x2 ./src_app/src/gui_141pf.o
                0x9000e510                STR_MS
 *fill*         0x9000e512        0x2 
 .srodata.STR_MA
                0x9000e514        0x2 ./src_app/src/gui_141pf.o
                0x9000e514                STR_MA
 *fill*         0x9000e516        0x2 
 .srodata.STR_ME
                0x9000e518        0x2 ./src_app/src/gui_141pf.o
                0x9000e518                STR_ME
 *fill*         0x9000e51a        0x2 
 .srodata.STR_SQR
                0x9000e51c        0x2 ./src_app/src/gui_141pf.o
                0x9000e51c                STR_SQR
 *fill*         0x9000e51e        0x2 
 .srodata.STR_DIA
                0x9000e520        0x2 ./src_app/src/gui_141pf.o
                0x9000e520                STR_DIA
 *fill*         0x9000e522        0x2 
 .srodata.cst4  0x9000e524       0x14 ./src_app/src/touchlcd_res.o
 .srodata.cst8  0x9000e538       0x38 ./src_app/src/xprintf.o
                0x9000e570                        . = ALIGN (0x4)
                0x9000e570                        PROVIDE (__ROM_INIT_BGN__ = .)

.data           0x88000000       0xf4 load address 0x9000e570
                0x88000000                        . = ALIGN (0x100)
                0x88000000                        PROVIDE (__RAM_INIT_BGN__ = .)
 *(.data)
 *(.data*)
 .data.pline.0  0x88000000       0x16 ./src_app/src/cui_141pf.o
 *fill*         0x88000016        0x2 
 .data.seg.0    0x88000018       0x18 ./src_app/src/gpio.o
 .data.pline.1  0x88000030       0x13 ./src_app/src/gui_141pf.o
 *fill*         0x88000043        0x1 
 .data.BTN_STRING
                0x88000044       0x30 ./src_app/src/gui_141pf.o
                0x88000044                BTN_STRING
 .data.KEY_STRING
                0x88000074       0x80 ./src_app/src/gui_141pf.o
                0x88000074                KEY_STRING
                0x880000f4                        . = ALIGN (0x4)

.sdata          0x880000f4       0x14 load address 0x9000e664
                0x880000f4                        . = ALIGN (0x4)
                0x880008f4                        PROVIDE (__GLOBAL_PTR__ = (. + 0x800))
 *(.sdata)
 *(.sdata.*)
 .sdata.pullNextTime
                0x880000f4        0x4 ./src_kernel/src/port.o
                0x880000f4                pullNextTime
 .sdata.btn_index_rounding
                0x880000f8        0x4 ./src_app/src/gui_141pf.o
                0x880000f8                btn_index_rounding
 .sdata.gui_lamp_mem
                0x880000fc        0x4 ./src_app/src/gui_141pf.o
                0x880000fc                gui_lamp_mem
 .sdata.gui_lamp_neg
                0x88000100        0x4 ./src_app/src/gui_141pf.o
                0x88000100                gui_lamp_neg
 .sdata.gui_lamp_ovf
                0x88000104        0x4 ./src_app/src/gui_141pf.o
                0x88000104                gui_lamp_ovf
                0x88000108                        . = ALIGN (0x4)
                0x88000108                        PROVIDE (__RAM_INIT_END__ = .)

.sbss           0x80000000       0xf8
                0x80000000                        . = ALIGN (0x4)
                0x80000000                        PROVIDE (__BSS_BGN__ = .)
 *(.sbss)
 *(.sbss.*)
 .sbss.xBlockAllocatedBit
                0x80000000        0x4 ./src_kernel/src/heap_4.o
 .sbss.xNumberOfSuccessfulFrees
                0x80000004        0x4 ./src_kernel/src/heap_4.o
 .sbss.xNumberOfSuccessfulAllocations
                0x80000008        0x4 ./src_kernel/src/heap_4.o
 .sbss.xMinimumEverFreeBytesRemaining
                0x8000000c        0x4 ./src_kernel/src/heap_4.o
 .sbss.xFreeBytesRemaining
                0x80000010        0x4 ./src_kernel/src/heap_4.o
 .sbss.pxEnd    0x80000014        0x4 ./src_kernel/src/heap_4.o
 .sbss.xStart   0x80000018        0x8 ./src_kernel/src/heap_4.o
 .sbss.pullMachineTimerCompareRegister
                0x80000020        0x4 ./src_kernel/src/port.o
                0x80000020                pullMachineTimerCompareRegister
 *fill*         0x80000024        0x4 
 .sbss.ullNextTime
                0x80000028        0x8 ./src_kernel/src/port.o
                0x80000028                ullNextTime
 .sbss.uxSchedulerSuspended
                0x80000030        0x4 ./src_kernel/src/tasks.o
 .sbss.xIdleTaskHandle
                0x80000034        0x4 ./src_kernel/src/tasks.o
 .sbss.xNextTaskUnblockTime
                0x80000038        0x4 ./src_kernel/src/tasks.o
 .sbss.uxTaskNumber
                0x8000003c        0x4 ./src_kernel/src/tasks.o
 .sbss.xNumOfOverflows
                0x80000040        0x4 ./src_kernel/src/tasks.o
 .sbss.xYieldPending
                0x80000044        0x4 ./src_kernel/src/tasks.o
 .sbss.xPendedTicks
                0x80000048        0x4 ./src_kernel/src/tasks.o
 .sbss.xSchedulerRunning
                0x8000004c        0x4 ./src_kernel/src/tasks.o
 .sbss.uxTopReadyPriority
                0x80000050        0x4 ./src_kernel/src/tasks.o
 .sbss.xTickCount
                0x80000054        0x4 ./src_kernel/src/tasks.o
 .sbss.uxCurrentNumberOfTasks
                0x80000058        0x4 ./src_kernel/src/tasks.o
 .sbss.uxDeletedTasksWaitingCleanUp
                0x8000005c        0x4 ./src_kernel/src/tasks.o
 .sbss.pxOverflowDelayedTaskList
                0x80000060        0x4 ./src_kernel/src/tasks.o
 .sbss.pxDelayedTaskList
                0x80000064        0x4 ./src_kernel/src/tasks.o
 .sbss.pxCurrentTCB
                0x80000068        0x4 ./src_kernel/src/tasks.o
                0x80000068                pxCurrentTCB
 .sbss.xLastTime.0
                0x8000006c        0x4 ./src_kernel/src/timers.o
 .sbss.xTimerTaskHandle
                0x80000070        0x4 ./src_kernel/src/timers.o
 .sbss.xTimerQueue
                0x80000074        0x4 ./src_kernel/src/timers.o
 .sbss.pxOverflowTimerList
                0x80000078        0x4 ./src_kernel/src/timers.o
 .sbss.pxCurrentTimerList
                0x8000007c        0x4 ./src_kernel/src/timers.o
 .sbss.red_ribbon.1
                0x80000080        0x4 ./src_app/src/cui_141pf.o
 .sbss.cui_keycode
                0x80000084        0x4 ./src_app/src/cui_141pf.o
                0x80000084                cui_keycode
 .sbss.cui_feed
                0x80000088        0x4 ./src_app/src/cui_141pf.o
                0x80000088                cui_feed
 .sbss.cui_rounding
                0x8000008c        0x4 ./src_app/src/cui_141pf.o
                0x8000008c                cui_rounding
 .sbss.cui_decimal
                0x80000090        0x4 ./src_app/src/cui_141pf.o
                0x80000090                cui_decimal
 .sbss.xSemaphore_CUI
                0x80000094        0x4 ./src_app/src/cui_141pf.o
 .sbss.xMutex_CUI_GPIO
                0x80000098        0x4 ./src_app/src/cui_141pf.o
 .sbss.xMutex_CUI_UART
                0x8000009c        0x4 ./src_app/src/cui_141pf.o
 .sbss.red_ribbon.0
                0x800000a0        0x4 ./src_app/src/gui_141pf.o
 .sbss.gui_pline3_red
                0x800000a4        0x4 ./src_app/src/gui_141pf.o
                0x800000a4                gui_pline3_red
 .sbss.gui_pline2_red
                0x800000a8        0x4 ./src_app/src/gui_141pf.o
                0x800000a8                gui_pline2_red
 .sbss.gui_pline1_red
                0x800000ac        0x4 ./src_app/src/gui_141pf.o
                0x800000ac                gui_pline1_red
 .sbss.gui_pline0_red
                0x800000b0        0x4 ./src_app/src/gui_141pf.o
                0x800000b0                gui_pline0_red
 .sbss.btn_index_decimal
                0x800000b4        0x4 ./src_app/src/gui_141pf.o
                0x800000b4                btn_index_decimal
 .sbss.gui_keycode
                0x800000b8        0x4 ./src_app/src/gui_141pf.o
                0x800000b8                gui_keycode
 .sbss.gui_feed
                0x800000bc        0x4 ./src_app/src/gui_141pf.o
                0x800000bc                gui_feed
 .sbss.gui_rounding
                0x800000c0        0x4 ./src_app/src/gui_141pf.o
                0x800000c0                gui_rounding
 .sbss.gui_decimal
                0x800000c4        0x4 ./src_app/src/gui_141pf.o
                0x800000c4                gui_decimal
 .sbss.GUI_TOUCH_DEV
                0x800000c8        0x4 ./src_app/src/gui_141pf.o
                0x800000c8                GUI_TOUCH_DEV
 .sbss.xMutex_GUI_TLCD
                0x800000cc        0x4 ./src_app/src/gui_141pf.o
 .sbss.xMutex_GUI_GPIO
                0x800000d0        0x4 ./src_app/src/gui_141pf.o
 .sbss.xMutex_GUI_UART
                0x800000d4        0x4 ./src_app/src/gui_141pf.o
 .sbss.I2C_DEV_ADDR7
                0x800000d8        0x2 ./src_app/src/i2c.o
                0x800000d8                I2C_DEV_ADDR7
 .sbss.TOUCH_RES_MY1
                0x800000da        0x2 ./src_app/src/touchlcd_res.o
                0x800000da                TOUCH_RES_MY1
 .sbss.TOUCH_RES_MY0
                0x800000dc        0x2 ./src_app/src/touchlcd_res.o
                0x800000dc                TOUCH_RES_MY0
 .sbss.TOUCH_RES_MX1
                0x800000de        0x2 ./src_app/src/touchlcd_res.o
                0x800000de                TOUCH_RES_MX1
 .sbss.TOUCH_RES_MX0
                0x800000e0        0x2 ./src_app/src/touchlcd_res.o
                0x800000e0                TOUCH_RES_MX0
 *fill*         0x800000e2        0x2 
 .sbss.LCD_HEIGHT
                0x800000e4        0x4 ./src_app/src/touchlcd_tft.o
                0x800000e4                LCD_HEIGHT
 .sbss.LCD_WIDTH
                0x800000e8        0x4 ./src_app/src/touchlcd_tft.o
                0x800000e8                LCD_WIDTH
 .sbss.xfunc_input
                0x800000ec        0x4 ./src_app/src/xprintf.o
                0x800000ec                xfunc_input
 .sbss.strptr   0x800000f0        0x4 ./src_app/src/xprintf.o
 .sbss.xfunc_output
                0x800000f4        0x4 ./src_app/src/xprintf.o
                0x800000f4                xfunc_output
 *(.scommon)
                0x800000f8                        . = ALIGN (0x4)

.bss            0x80000100    0x421a8
                0x80000100                        . = ALIGN (0x4)
 *(.bss)
 *(.bss.*)
 .bss.ucHeap    0x80000100    0x40000 ./src_kernel/src/heap_4.o
 .bss.xISRStack
                0x80040100     0x2000 ./src_kernel/src/port.o
 .bss.xQueueRegistry
                0x80042100       0x40 ./src_kernel/src/queue.o
                0x80042100                xQueueRegistry
 .bss.xSuspendedTaskList
                0x80042140       0x14 ./src_kernel/src/tasks.o
 .bss.xTasksWaitingTermination
                0x80042154       0x14 ./src_kernel/src/tasks.o
 .bss.xPendingReadyList
                0x80042168       0x14 ./src_kernel/src/tasks.o
 .bss.xDelayedTaskList2
                0x8004217c       0x14 ./src_kernel/src/tasks.o
 .bss.xDelayedTaskList1
                0x80042190       0x14 ./src_kernel/src/tasks.o
 .bss.pxReadyTasksLists
                0x800421a4       0x8c ./src_kernel/src/tasks.o
 .bss.xActiveTimerList2
                0x80042230       0x14 ./src_kernel/src/timers.o
 .bss.xActiveTimerList1
                0x80042244       0x14 ./src_kernel/src/timers.o
 .bss.gui_pline3
                0x80042258       0x13 ./src_app/src/gui_141pf.o
                0x80042258                gui_pline3
 *fill*         0x8004226b        0x1 
 .bss.gui_pline2
                0x8004226c       0x13 ./src_app/src/gui_141pf.o
                0x8004226c                gui_pline2
 *fill*         0x8004227f        0x1 
 .bss.gui_pline1
                0x80042280       0x13 ./src_app/src/gui_141pf.o
                0x80042280                gui_pline1
 *fill*         0x80042293        0x1 
 .bss.gui_pline0
                0x80042294       0x13 ./src_app/src/gui_141pf.o
                0x80042294                gui_pline0
                0x800422a8                        . = ALIGN (0x4)
 *fill*         0x800422a7        0x1 
                0x800422a8                        PROVIDE (__BSS_END__ = .)

.stack          0x83fc0000    0x40000
                [!provide]                        PROVIDE (__STACK_START__ = .)
                0x84000000                        . = (. + STACK_SIZE)
 *fill*         0x83fc0000    0x40000 
                0x84000000                        PROVIDE (__STACK_TOP__ = .)
                [!provide]                        PROVIDE (__STACK_END__ = .)

/DISCARD/
 *(.eh_frame .eh_frame.*)
OUTPUT(MCS4_141PF.elf elf32-littleriscv)

.debug_info     0x00000000    0x1ee7d
 .debug_info    0x00000000      0x553 ./src_kernel/src/heap_4.o
 .debug_info    0x00000553      0x2aa ./src_kernel/src/list.o
 .debug_info    0x000007fd      0x34b ./src_kernel/src/port.o
 .debug_info    0x00000b48       0x25 ./src_kernel/src/portASM.o
 .debug_info    0x00000b6d     0x272e ./src_kernel/src/queue.o
 .debug_info    0x0000329b     0x31a1 ./src_kernel/src/tasks.o
 .debug_info    0x0000643c     0x15da ./src_kernel/src/timers.o
 .debug_info    0x00007a16     0x1167 ./src_app/src/cui_141pf.o
 .debug_info    0x00008b7d      0x628 ./src_app/src/gpio.o
 .debug_info    0x000091a5     0x2eda ./src_app/src/gui_141pf.o
 .debug_info    0x0000c07f      0x8ad ./src_app/src/i2c.o
 .debug_info    0x0000c92c       0x91 ./src_app/src/interrupt.o
 .debug_info    0x0000c9bd      0x928 ./src_app/src/main.o
 .debug_info    0x0000d2e5      0x644 ./src_app/src/mcs4.o
 .debug_info    0x0000d929      0x2ac ./src_app/src/spi.o
 .debug_info    0x0000dbd5      0x446 ./src_app/src/system.o
 .debug_info    0x0000e01b      0x602 ./src_app/src/touchlcd_cap.o
 .debug_info    0x0000e61d     0x39e5 ./src_app/src/touchlcd_res.o
 .debug_info    0x00012002     0x5d87 ./src_app/src/touchlcd_tft.o
 .debug_info    0x00017d89      0x681 ./src_app/src/uart.o
 .debug_info    0x0001840a     0x214e ./src_app/src/xprintf.o
 .debug_info    0x0001a558      0x157 C:/RISCV/xpack/xpack-riscv-none-elf-gcc-14.2.0-3/bin/../lib/gcc/riscv-none-elf/14.2.0\libgcc.a(_clzsi2.o)
 .debug_info    0x0001a6af      0x76e C:/RISCV/xpack/xpack-riscv-none-elf-gcc-14.2.0-3/bin/../lib/gcc/riscv-none-elf/14.2.0\libgcc.a(_udivdi3.o)
 .debug_info    0x0001ae1d      0x7c3 C:/RISCV/xpack/xpack-riscv-none-elf-gcc-14.2.0-3/bin/../lib/gcc/riscv-none-elf/14.2.0\libgcc.a(_umoddi3.o)
 .debug_info    0x0001b5e0      0x4d9 C:/RISCV/xpack/xpack-riscv-none-elf-gcc-14.2.0-3/bin/../lib/gcc/riscv-none-elf/14.2.0\libgcc.a(adddf3.o)
 .debug_info    0x0001bab9      0x67b C:/RISCV/xpack/xpack-riscv-none-elf-gcc-14.2.0-3/bin/../lib/gcc/riscv-none-elf/14.2.0\libgcc.a(divdf3.o)
 .debug_info    0x0001c134      0x22a C:/RISCV/xpack/xpack-riscv-none-elf-gcc-14.2.0-3/bin/../lib/gcc/riscv-none-elf/14.2.0\libgcc.a(eqdf2.o)
 .debug_info    0x0001c35e      0x223 C:/RISCV/xpack/xpack-riscv-none-elf-gcc-14.2.0-3/bin/../lib/gcc/riscv-none-elf/14.2.0\libgcc.a(gedf2.o)
 .debug_info    0x0001c581      0x223 C:/RISCV/xpack/xpack-riscv-none-elf-gcc-14.2.0-3/bin/../lib/gcc/riscv-none-elf/14.2.0\libgcc.a(ledf2.o)
 .debug_info    0x0001c7a4      0x6a8 C:/RISCV/xpack/xpack-riscv-none-elf-gcc-14.2.0-3/bin/../lib/gcc/riscv-none-elf/14.2.0\libgcc.a(muldf3.o)
 .debug_info    0x0001ce4c      0x4d9 C:/RISCV/xpack/xpack-riscv-none-elf-gcc-14.2.0-3/bin/../lib/gcc/riscv-none-elf/14.2.0\libgcc.a(subdf3.o)
 .debug_info    0x0001d325      0x220 C:/RISCV/xpack/xpack-riscv-none-elf-gcc-14.2.0-3/bin/../lib/gcc/riscv-none-elf/14.2.0\libgcc.a(unorddf2.o)
 .debug_info    0x0001d545      0x1c6 C:/RISCV/xpack/xpack-riscv-none-elf-gcc-14.2.0-3/bin/../lib/gcc/riscv-none-elf/14.2.0\libgcc.a(fixdfsi.o)
 .debug_info    0x0001d70b      0x268 C:/RISCV/xpack/xpack-riscv-none-elf-gcc-14.2.0-3/bin/../lib/gcc/riscv-none-elf/14.2.0\libgcc.a(floatsidf.o)
 .debug_info    0x0001d973      0x2ee C:/RISCV/xpack/xpack-riscv-none-elf-gcc-14.2.0-3/bin/../lib/gcc/riscv-none-elf/14.2.0\libgcc.a(addsf3.o)
 .debug_info    0x0001dc61      0x360 C:/RISCV/xpack/xpack-riscv-none-elf-gcc-14.2.0-3/bin/../lib/gcc/riscv-none-elf/14.2.0\libgcc.a(divsf3.o)
 .debug_info    0x0001dfc1      0x1f7 C:/RISCV/xpack/xpack-riscv-none-elf-gcc-14.2.0-3/bin/../lib/gcc/riscv-none-elf/14.2.0\libgcc.a(gesf2.o)
 .debug_info    0x0001e1b8      0x1f7 C:/RISCV/xpack/xpack-riscv-none-elf-gcc-14.2.0-3/bin/../lib/gcc/riscv-none-elf/14.2.0\libgcc.a(lesf2.o)
 .debug_info    0x0001e3af      0x34c C:/RISCV/xpack/xpack-riscv-none-elf-gcc-14.2.0-3/bin/../lib/gcc/riscv-none-elf/14.2.0\libgcc.a(mulsf3.o)
 .debug_info    0x0001e6fb      0x2ee C:/RISCV/xpack/xpack-riscv-none-elf-gcc-14.2.0-3/bin/../lib/gcc/riscv-none-elf/14.2.0\libgcc.a(subsf3.o)
 .debug_info    0x0001e9e9      0x19b C:/RISCV/xpack/xpack-riscv-none-elf-gcc-14.2.0-3/bin/../lib/gcc/riscv-none-elf/14.2.0\libgcc.a(fixunssfsi.o)
 .debug_info    0x0001eb84      0x20c C:/RISCV/xpack/xpack-riscv-none-elf-gcc-14.2.0-3/bin/../lib/gcc/riscv-none-elf/14.2.0\libgcc.a(floatunsisf.o)
 .debug_info    0x0001ed90       0xed C:/RISCV/xpack/xpack-riscv-none-elf-gcc-14.2.0-3/bin/../lib/gcc/riscv-none-elf/14.2.0\libgcc.a(_clz.o)

.debug_abbrev   0x00000000     0x4f6e
 .debug_abbrev  0x00000000      0x274 ./src_kernel/src/heap_4.o
 .debug_abbrev  0x00000274      0x117 ./src_kernel/src/list.o
 .debug_abbrev  0x0000038b      0x174 ./src_kernel/src/port.o
 .debug_abbrev  0x000004ff       0x14 ./src_kernel/src/portASM.o
 .debug_abbrev  0x00000513      0x3d1 ./src_kernel/src/queue.o
 .debug_abbrev  0x000008e4      0x4b8 ./src_kernel/src/tasks.o
 .debug_abbrev  0x00000d9c      0x382 ./src_kernel/src/timers.o
 .debug_abbrev  0x0000111e      0x34d ./src_app/src/cui_141pf.o
 .debug_abbrev  0x0000146b      0x1fa ./src_app/src/gpio.o
 .debug_abbrev  0x00001665      0x428 ./src_app/src/gui_141pf.o
 .debug_abbrev  0x00001a8d      0x1a0 ./src_app/src/i2c.o
 .debug_abbrev  0x00001c2d       0x45 ./src_app/src/interrupt.o
 .debug_abbrev  0x00001c72      0x24d ./src_app/src/main.o
 .debug_abbrev  0x00001ebf      0x1af ./src_app/src/mcs4.o
 .debug_abbrev  0x0000206e      0x138 ./src_app/src/spi.o
 .debug_abbrev  0x000021a6      0x156 ./src_app/src/system.o
 .debug_abbrev  0x000022fc      0x183 ./src_app/src/touchlcd_cap.o
 .debug_abbrev  0x0000247f      0x35b ./src_app/src/touchlcd_res.o
 .debug_abbrev  0x000027da      0x3a8 ./src_app/src/touchlcd_tft.o
 .debug_abbrev  0x00002b82      0x250 ./src_app/src/uart.o
 .debug_abbrev  0x00002dd2      0x3ea ./src_app/src/xprintf.o
 .debug_abbrev  0x000031bc       0xca C:/RISCV/xpack/xpack-riscv-none-elf-gcc-14.2.0-3/bin/../lib/gcc/riscv-none-elf/14.2.0\libgcc.a(_clzsi2.o)
 .debug_abbrev  0x00003286      0x199 C:/RISCV/xpack/xpack-riscv-none-elf-gcc-14.2.0-3/bin/../lib/gcc/riscv-none-elf/14.2.0\libgcc.a(_udivdi3.o)
 .debug_abbrev  0x0000341f      0x1ba C:/RISCV/xpack/xpack-riscv-none-elf-gcc-14.2.0-3/bin/../lib/gcc/riscv-none-elf/14.2.0\libgcc.a(_umoddi3.o)
 .debug_abbrev  0x000035d9      0x186 C:/RISCV/xpack/xpack-riscv-none-elf-gcc-14.2.0-3/bin/../lib/gcc/riscv-none-elf/14.2.0\libgcc.a(adddf3.o)
 .debug_abbrev  0x0000375f      0x168 C:/RISCV/xpack/xpack-riscv-none-elf-gcc-14.2.0-3/bin/../lib/gcc/riscv-none-elf/14.2.0\libgcc.a(divdf3.o)
 .debug_abbrev  0x000038c7      0x171 C:/RISCV/xpack/xpack-riscv-none-elf-gcc-14.2.0-3/bin/../lib/gcc/riscv-none-elf/14.2.0\libgcc.a(eqdf2.o)
 .debug_abbrev  0x00003a38      0x155 C:/RISCV/xpack/xpack-riscv-none-elf-gcc-14.2.0-3/bin/../lib/gcc/riscv-none-elf/14.2.0\libgcc.a(gedf2.o)
 .debug_abbrev  0x00003b8d      0x155 C:/RISCV/xpack/xpack-riscv-none-elf-gcc-14.2.0-3/bin/../lib/gcc/riscv-none-elf/14.2.0\libgcc.a(ledf2.o)
 .debug_abbrev  0x00003ce2      0x185 C:/RISCV/xpack/xpack-riscv-none-elf-gcc-14.2.0-3/bin/../lib/gcc/riscv-none-elf/14.2.0\libgcc.a(muldf3.o)
 .debug_abbrev  0x00003e67      0x186 C:/RISCV/xpack/xpack-riscv-none-elf-gcc-14.2.0-3/bin/../lib/gcc/riscv-none-elf/14.2.0\libgcc.a(subdf3.o)
 .debug_abbrev  0x00003fed      0x15e C:/RISCV/xpack/xpack-riscv-none-elf-gcc-14.2.0-3/bin/../lib/gcc/riscv-none-elf/14.2.0\libgcc.a(unorddf2.o)
 .debug_abbrev  0x0000414b      0x15b C:/RISCV/xpack/xpack-riscv-none-elf-gcc-14.2.0-3/bin/../lib/gcc/riscv-none-elf/14.2.0\libgcc.a(fixdfsi.o)
 .debug_abbrev  0x000042a6      0x164 C:/RISCV/xpack/xpack-riscv-none-elf-gcc-14.2.0-3/bin/../lib/gcc/riscv-none-elf/14.2.0\libgcc.a(floatsidf.o)
 .debug_abbrev  0x0000440a      0x174 C:/RISCV/xpack/xpack-riscv-none-elf-gcc-14.2.0-3/bin/../lib/gcc/riscv-none-elf/14.2.0\libgcc.a(addsf3.o)
 .debug_abbrev  0x0000457e      0x14c C:/RISCV/xpack/xpack-riscv-none-elf-gcc-14.2.0-3/bin/../lib/gcc/riscv-none-elf/14.2.0\libgcc.a(divsf3.o)
 .debug_abbrev  0x000046ca      0x156 C:/RISCV/xpack/xpack-riscv-none-elf-gcc-14.2.0-3/bin/../lib/gcc/riscv-none-elf/14.2.0\libgcc.a(gesf2.o)
 .debug_abbrev  0x00004820      0x156 C:/RISCV/xpack/xpack-riscv-none-elf-gcc-14.2.0-3/bin/../lib/gcc/riscv-none-elf/14.2.0\libgcc.a(lesf2.o)
 .debug_abbrev  0x00004976      0x150 C:/RISCV/xpack/xpack-riscv-none-elf-gcc-14.2.0-3/bin/../lib/gcc/riscv-none-elf/14.2.0\libgcc.a(mulsf3.o)
 .debug_abbrev  0x00004ac6      0x174 C:/RISCV/xpack/xpack-riscv-none-elf-gcc-14.2.0-3/bin/../lib/gcc/riscv-none-elf/14.2.0\libgcc.a(subsf3.o)
 .debug_abbrev  0x00004c3a      0x14d C:/RISCV/xpack/xpack-riscv-none-elf-gcc-14.2.0-3/bin/../lib/gcc/riscv-none-elf/14.2.0\libgcc.a(fixunssfsi.o)
 .debug_abbrev  0x00004d87      0x177 C:/RISCV/xpack/xpack-riscv-none-elf-gcc-14.2.0-3/bin/../lib/gcc/riscv-none-elf/14.2.0\libgcc.a(floatunsisf.o)
 .debug_abbrev  0x00004efe       0x70 C:/RISCV/xpack/xpack-riscv-none-elf-gcc-14.2.0-3/bin/../lib/gcc/riscv-none-elf/14.2.0\libgcc.a(_clz.o)

.debug_loclists
                0x00000000    0x1cc42
 .debug_loclists
                0x00000000      0x2e5 ./src_kernel/src/heap_4.o
 .debug_loclists
                0x000002e5       0x4d ./src_kernel/src/list.o
 .debug_loclists
                0x00000332       0x9d ./src_kernel/src/port.o
 .debug_loclists
                0x000003cf     0x1a9a ./src_kernel/src/queue.o
 .debug_loclists
                0x00001e69     0x26a2 ./src_kernel/src/tasks.o
 .debug_loclists
                0x0000450b      0xb40 ./src_kernel/src/timers.o
 .debug_loclists
                0x0000504b      0x965 ./src_app/src/cui_141pf.o
 .debug_loclists
                0x000059b0      0x3e6 ./src_app/src/gpio.o
 .debug_loclists
                0x00005d96     0x22b1 ./src_app/src/gui_141pf.o
 .debug_loclists
                0x00008047      0x484 ./src_app/src/i2c.o
 .debug_loclists
                0x000084cb      0x178 ./src_app/src/main.o
 .debug_loclists
                0x00008643      0x39f ./src_app/src/mcs4.o
 .debug_loclists
                0x000089e2       0xc4 ./src_app/src/spi.o
 .debug_loclists
                0x00008aa6      0x206 ./src_app/src/system.o
 .debug_loclists
                0x00008cac       0x43 ./src_app/src/touchlcd_cap.o
 .debug_loclists
                0x00008cef     0x14e0 ./src_app/src/touchlcd_res.o
 .debug_loclists
                0x0000a1cf     0x6121 ./src_app/src/touchlcd_tft.o
 .debug_loclists
                0x000102f0      0x135 ./src_app/src/uart.o
 .debug_loclists
                0x00010425     0x394c ./src_app/src/xprintf.o
 .debug_loclists
                0x00013d71       0xbf C:/RISCV/xpack/xpack-riscv-none-elf-gcc-14.2.0-3/bin/../lib/gcc/riscv-none-elf/14.2.0\libgcc.a(_clzsi2.o)
 .debug_loclists
                0x00013e30      0x9d9 C:/RISCV/xpack/xpack-riscv-none-elf-gcc-14.2.0-3/bin/../lib/gcc/riscv-none-elf/14.2.0\libgcc.a(_udivdi3.o)
 .debug_loclists
                0x00014809      0x898 C:/RISCV/xpack/xpack-riscv-none-elf-gcc-14.2.0-3/bin/../lib/gcc/riscv-none-elf/14.2.0\libgcc.a(_umoddi3.o)
 .debug_loclists
                0x000150a1     0x19c3 C:/RISCV/xpack/xpack-riscv-none-elf-gcc-14.2.0-3/bin/../lib/gcc/riscv-none-elf/14.2.0\libgcc.a(adddf3.o)
 .debug_loclists
                0x00016a64     0x13e5 C:/RISCV/xpack/xpack-riscv-none-elf-gcc-14.2.0-3/bin/../lib/gcc/riscv-none-elf/14.2.0\libgcc.a(divdf3.o)
 .debug_loclists
                0x00017e49       0x75 C:/RISCV/xpack/xpack-riscv-none-elf-gcc-14.2.0-3/bin/../lib/gcc/riscv-none-elf/14.2.0\libgcc.a(eqdf2.o)
 .debug_loclists
                0x00017ebe      0x1d5 C:/RISCV/xpack/xpack-riscv-none-elf-gcc-14.2.0-3/bin/../lib/gcc/riscv-none-elf/14.2.0\libgcc.a(gedf2.o)
 .debug_loclists
                0x00018093      0x1bb C:/RISCV/xpack/xpack-riscv-none-elf-gcc-14.2.0-3/bin/../lib/gcc/riscv-none-elf/14.2.0\libgcc.a(ledf2.o)
 .debug_loclists
                0x0001824e      0xb99 C:/RISCV/xpack/xpack-riscv-none-elf-gcc-14.2.0-3/bin/../lib/gcc/riscv-none-elf/14.2.0\libgcc.a(muldf3.o)
 .debug_loclists
                0x00018de7     0x1747 C:/RISCV/xpack/xpack-riscv-none-elf-gcc-14.2.0-3/bin/../lib/gcc/riscv-none-elf/14.2.0\libgcc.a(subdf3.o)
 .debug_loclists
                0x0001a52e       0x78 C:/RISCV/xpack/xpack-riscv-none-elf-gcc-14.2.0-3/bin/../lib/gcc/riscv-none-elf/14.2.0\libgcc.a(unorddf2.o)
 .debug_loclists
                0x0001a5a6       0xca C:/RISCV/xpack/xpack-riscv-none-elf-gcc-14.2.0-3/bin/../lib/gcc/riscv-none-elf/14.2.0\libgcc.a(fixdfsi.o)
 .debug_loclists
                0x0001a670      0x1c6 C:/RISCV/xpack/xpack-riscv-none-elf-gcc-14.2.0-3/bin/../lib/gcc/riscv-none-elf/14.2.0\libgcc.a(floatsidf.o)
 .debug_loclists
                0x0001a836      0xa34 C:/RISCV/xpack/xpack-riscv-none-elf-gcc-14.2.0-3/bin/../lib/gcc/riscv-none-elf/14.2.0\libgcc.a(addsf3.o)
 .debug_loclists
                0x0001b26a      0x562 C:/RISCV/xpack/xpack-riscv-none-elf-gcc-14.2.0-3/bin/../lib/gcc/riscv-none-elf/14.2.0\libgcc.a(divsf3.o)
 .debug_loclists
                0x0001b7cc       0xba C:/RISCV/xpack/xpack-riscv-none-elf-gcc-14.2.0-3/bin/../lib/gcc/riscv-none-elf/14.2.0\libgcc.a(gesf2.o)
 .debug_loclists
                0x0001b886       0xbf C:/RISCV/xpack/xpack-riscv-none-elf-gcc-14.2.0-3/bin/../lib/gcc/riscv-none-elf/14.2.0\libgcc.a(lesf2.o)
 .debug_loclists
                0x0001b945      0x5a3 C:/RISCV/xpack/xpack-riscv-none-elf-gcc-14.2.0-3/bin/../lib/gcc/riscv-none-elf/14.2.0\libgcc.a(mulsf3.o)
 .debug_loclists
                0x0001bee8      0xa7f C:/RISCV/xpack/xpack-riscv-none-elf-gcc-14.2.0-3/bin/../lib/gcc/riscv-none-elf/14.2.0\libgcc.a(subsf3.o)
 .debug_loclists
                0x0001c967       0x87 C:/RISCV/xpack/xpack-riscv-none-elf-gcc-14.2.0-3/bin/../lib/gcc/riscv-none-elf/14.2.0\libgcc.a(fixunssfsi.o)
 .debug_loclists
                0x0001c9ee      0x254 C:/RISCV/xpack/xpack-riscv-none-elf-gcc-14.2.0-3/bin/../lib/gcc/riscv-none-elf/14.2.0\libgcc.a(floatunsisf.o)

.debug_aranges  0x00000000      0xba8
 .debug_aranges
                0x00000000       0x48 ./src_kernel/src/heap_4.o
 .debug_aranges
                0x00000048       0x40 ./src_kernel/src/list.o
 .debug_aranges
                0x00000088       0x30 ./src_kernel/src/port.o
 .debug_aranges
                0x000000b8       0x20 ./src_kernel/src/portASM.o
 .debug_aranges
                0x000000d8       0xe8 ./src_kernel/src/queue.o
 .debug_aranges
                0x000001c0      0x1b0 ./src_kernel/src/tasks.o
 .debug_aranges
                0x00000370       0x90 ./src_kernel/src/timers.o
 .debug_aranges
                0x00000400       0x48 ./src_app/src/cui_141pf.o
 .debug_aranges
                0x00000448       0x48 ./src_app/src/gpio.o
 .debug_aranges
                0x00000490       0xc0 ./src_app/src/gui_141pf.o
 .debug_aranges
                0x00000550       0x40 ./src_app/src/i2c.o
 .debug_aranges
                0x00000590       0x20 ./src_app/src/interrupt.o
 .debug_aranges
                0x000005b0       0x48 ./src_app/src/main.o
 .debug_aranges
                0x000005f8       0x30 ./src_app/src/mcs4.o
 .debug_aranges
                0x00000628       0x38 ./src_app/src/spi.o
 .debug_aranges
                0x00000660       0x38 ./src_app/src/system.o
 .debug_aranges
                0x00000698       0x30 ./src_app/src/touchlcd_cap.o
 .debug_aranges
                0x000006c8       0x88 ./src_app/src/touchlcd_res.o
 .debug_aranges
                0x00000750       0xd0 ./src_app/src/touchlcd_tft.o
 .debug_aranges
                0x00000820       0x50 ./src_app/src/uart.o
 .debug_aranges
                0x00000870       0x80 ./src_app/src/xprintf.o
 .debug_aranges
                0x000008f0       0x20 C:/RISCV/xpack/xpack-riscv-none-elf-gcc-14.2.0-3/bin/../lib/gcc/riscv-none-elf/14.2.0\libgcc.a(_clzsi2.o)
 .debug_aranges
                0x00000910       0x20 C:/RISCV/xpack/xpack-riscv-none-elf-gcc-14.2.0-3/bin/../lib/gcc/riscv-none-elf/14.2.0\libgcc.a(_udivdi3.o)
 .debug_aranges
                0x00000930       0x20 C:/RISCV/xpack/xpack-riscv-none-elf-gcc-14.2.0-3/bin/../lib/gcc/riscv-none-elf/14.2.0\libgcc.a(_umoddi3.o)
 .debug_aranges
                0x00000950       0x20 C:/RISCV/xpack/xpack-riscv-none-elf-gcc-14.2.0-3/bin/../lib/gcc/riscv-none-elf/14.2.0\libgcc.a(adddf3.o)
 .debug_aranges
                0x00000970       0x20 C:/RISCV/xpack/xpack-riscv-none-elf-gcc-14.2.0-3/bin/../lib/gcc/riscv-none-elf/14.2.0\libgcc.a(divdf3.o)
 .debug_aranges
                0x00000990       0x20 C:/RISCV/xpack/xpack-riscv-none-elf-gcc-14.2.0-3/bin/../lib/gcc/riscv-none-elf/14.2.0\libgcc.a(eqdf2.o)
 .debug_aranges
                0x000009b0       0x20 C:/RISCV/xpack/xpack-riscv-none-elf-gcc-14.2.0-3/bin/../lib/gcc/riscv-none-elf/14.2.0\libgcc.a(gedf2.o)
 .debug_aranges
                0x000009d0       0x20 C:/RISCV/xpack/xpack-riscv-none-elf-gcc-14.2.0-3/bin/../lib/gcc/riscv-none-elf/14.2.0\libgcc.a(ledf2.o)
 .debug_aranges
                0x000009f0       0x20 C:/RISCV/xpack/xpack-riscv-none-elf-gcc-14.2.0-3/bin/../lib/gcc/riscv-none-elf/14.2.0\libgcc.a(muldf3.o)
 .debug_aranges
                0x00000a10       0x20 C:/RISCV/xpack/xpack-riscv-none-elf-gcc-14.2.0-3/bin/../lib/gcc/riscv-none-elf/14.2.0\libgcc.a(subdf3.o)
 .debug_aranges
                0x00000a30       0x20 C:/RISCV/xpack/xpack-riscv-none-elf-gcc-14.2.0-3/bin/../lib/gcc/riscv-none-elf/14.2.0\libgcc.a(unorddf2.o)
 .debug_aranges
                0x00000a50       0x20 C:/RISCV/xpack/xpack-riscv-none-elf-gcc-14.2.0-3/bin/../lib/gcc/riscv-none-elf/14.2.0\libgcc.a(fixdfsi.o)
 .debug_aranges
                0x00000a70       0x20 C:/RISCV/xpack/xpack-riscv-none-elf-gcc-14.2.0-3/bin/../lib/gcc/riscv-none-elf/14.2.0\libgcc.a(floatsidf.o)
 .debug_aranges
                0x00000a90       0x20 C:/RISCV/xpack/xpack-riscv-none-elf-gcc-14.2.0-3/bin/../lib/gcc/riscv-none-elf/14.2.0\libgcc.a(addsf3.o)
 .debug_aranges
                0x00000ab0       0x20 C:/RISCV/xpack/xpack-riscv-none-elf-gcc-14.2.0-3/bin/../lib/gcc/riscv-none-elf/14.2.0\libgcc.a(divsf3.o)
 .debug_aranges
                0x00000ad0       0x20 C:/RISCV/xpack/xpack-riscv-none-elf-gcc-14.2.0-3/bin/../lib/gcc/riscv-none-elf/14.2.0\libgcc.a(gesf2.o)
 .debug_aranges
                0x00000af0       0x20 C:/RISCV/xpack/xpack-riscv-none-elf-gcc-14.2.0-3/bin/../lib/gcc/riscv-none-elf/14.2.0\libgcc.a(lesf2.o)
 .debug_aranges
                0x00000b10       0x20 C:/RISCV/xpack/xpack-riscv-none-elf-gcc-14.2.0-3/bin/../lib/gcc/riscv-none-elf/14.2.0\libgcc.a(mulsf3.o)
 .debug_aranges
                0x00000b30       0x20 C:/RISCV/xpack/xpack-riscv-none-elf-gcc-14.2.0-3/bin/../lib/gcc/riscv-none-elf/14.2.0\libgcc.a(subsf3.o)
 .debug_aranges
                0x00000b50       0x20 C:/RISCV/xpack/xpack-riscv-none-elf-gcc-14.2.0-3/bin/../lib/gcc/riscv-none-elf/14.2.0\libgcc.a(fixunssfsi.o)
 .debug_aranges
                0x00000b70       0x20 C:/RISCV/xpack/xpack-riscv-none-elf-gcc-14.2.0-3/bin/../lib/gcc/riscv-none-elf/14.2.0\libgcc.a(floatunsisf.o)
 .debug_aranges
                0x00000b90       0x18 C:/RISCV/xpack/xpack-riscv-none-elf-gcc-14.2.0-3/bin/../lib/gcc/riscv-none-elf/14.2.0\libgcc.a(_clz.o)

.debug_rnglists
                0x00000000     0x43f9
 .debug_rnglists
                0x00000000       0x56 ./src_kernel/src/heap_4.o
 .debug_rnglists
                0x00000056       0x2b ./src_kernel/src/list.o
 .debug_rnglists
                0x00000081       0x43 ./src_kernel/src/port.o
 .debug_rnglists
                0x000000c4      0x35e ./src_kernel/src/queue.o
 .debug_rnglists
                0x00000422      0x942 ./src_kernel/src/tasks.o
 .debug_rnglists
                0x00000d64      0x1ea ./src_kernel/src/timers.o
 .debug_rnglists
                0x00000f4e       0x57 ./src_app/src/cui_141pf.o
 .debug_rnglists
                0x00000fa5       0xbb ./src_app/src/gpio.o
 .debug_rnglists
                0x00001060      0x302 ./src_app/src/gui_141pf.o
 .debug_rnglists
                0x00001362      0x174 ./src_app/src/i2c.o
 .debug_rnglists
                0x000014d6       0x13 ./src_app/src/interrupt.o
 .debug_rnglists
                0x000014e9       0x56 ./src_app/src/main.o
 .debug_rnglists
                0x0000153f       0x8d ./src_app/src/mcs4.o
 .debug_rnglists
                0x000015cc       0x55 ./src_app/src/spi.o
 .debug_rnglists
                0x00001621       0x55 ./src_app/src/system.o
 .debug_rnglists
                0x00001676       0x1f ./src_app/src/touchlcd_cap.o
 .debug_rnglists
                0x00001695      0x233 ./src_app/src/touchlcd_res.o
 .debug_rnglists
                0x000018c8      0xbec ./src_app/src/touchlcd_tft.o
 .debug_rnglists
                0x000024b4       0xce ./src_app/src/uart.o
 .debug_rnglists
                0x00002582      0x9f9 ./src_app/src/xprintf.o
 .debug_rnglists
                0x00002f7b       0x28 C:/RISCV/xpack/xpack-riscv-none-elf-gcc-14.2.0-3/bin/../lib/gcc/riscv-none-elf/14.2.0\libgcc.a(_clzsi2.o)
 .debug_rnglists
                0x00002fa3      0x112 C:/RISCV/xpack/xpack-riscv-none-elf-gcc-14.2.0-3/bin/../lib/gcc/riscv-none-elf/14.2.0\libgcc.a(_udivdi3.o)
 .debug_rnglists
                0x000030b5       0xe5 C:/RISCV/xpack/xpack-riscv-none-elf-gcc-14.2.0-3/bin/../lib/gcc/riscv-none-elf/14.2.0\libgcc.a(_umoddi3.o)
 .debug_rnglists
                0x0000319a      0x36a C:/RISCV/xpack/xpack-riscv-none-elf-gcc-14.2.0-3/bin/../lib/gcc/riscv-none-elf/14.2.0\libgcc.a(adddf3.o)
 .debug_rnglists
                0x00003504      0x1ce C:/RISCV/xpack/xpack-riscv-none-elf-gcc-14.2.0-3/bin/../lib/gcc/riscv-none-elf/14.2.0\libgcc.a(divdf3.o)
 .debug_rnglists
                0x000036d2       0x34 C:/RISCV/xpack/xpack-riscv-none-elf-gcc-14.2.0-3/bin/../lib/gcc/riscv-none-elf/14.2.0\libgcc.a(eqdf2.o)
 .debug_rnglists
                0x00003706       0x56 C:/RISCV/xpack/xpack-riscv-none-elf-gcc-14.2.0-3/bin/../lib/gcc/riscv-none-elf/14.2.0\libgcc.a(gedf2.o)
 .debug_rnglists
                0x0000375c       0x50 C:/RISCV/xpack/xpack-riscv-none-elf-gcc-14.2.0-3/bin/../lib/gcc/riscv-none-elf/14.2.0\libgcc.a(ledf2.o)
 .debug_rnglists
                0x000037ac      0x1b4 C:/RISCV/xpack/xpack-riscv-none-elf-gcc-14.2.0-3/bin/../lib/gcc/riscv-none-elf/14.2.0\libgcc.a(muldf3.o)
 .debug_rnglists
                0x00003960      0x37c C:/RISCV/xpack/xpack-riscv-none-elf-gcc-14.2.0-3/bin/../lib/gcc/riscv-none-elf/14.2.0\libgcc.a(subdf3.o)
 .debug_rnglists
                0x00003cdc       0x2e C:/RISCV/xpack/xpack-riscv-none-elf-gcc-14.2.0-3/bin/../lib/gcc/riscv-none-elf/14.2.0\libgcc.a(unorddf2.o)
 .debug_rnglists
                0x00003d0a       0x2b C:/RISCV/xpack/xpack-riscv-none-elf-gcc-14.2.0-3/bin/../lib/gcc/riscv-none-elf/14.2.0\libgcc.a(fixdfsi.o)
 .debug_rnglists
                0x00003d35       0x6d C:/RISCV/xpack/xpack-riscv-none-elf-gcc-14.2.0-3/bin/../lib/gcc/riscv-none-elf/14.2.0\libgcc.a(floatsidf.o)
 .debug_rnglists
                0x00003da2      0x1c9 C:/RISCV/xpack/xpack-riscv-none-elf-gcc-14.2.0-3/bin/../lib/gcc/riscv-none-elf/14.2.0\libgcc.a(addsf3.o)
 .debug_rnglists
                0x00003f6b       0xbb C:/RISCV/xpack/xpack-riscv-none-elf-gcc-14.2.0-3/bin/../lib/gcc/riscv-none-elf/14.2.0\libgcc.a(divsf3.o)
 .debug_rnglists
                0x00004026       0x50 C:/RISCV/xpack/xpack-riscv-none-elf-gcc-14.2.0-3/bin/../lib/gcc/riscv-none-elf/14.2.0\libgcc.a(gesf2.o)
 .debug_rnglists
                0x00004076       0x4d C:/RISCV/xpack/xpack-riscv-none-elf-gcc-14.2.0-3/bin/../lib/gcc/riscv-none-elf/14.2.0\libgcc.a(lesf2.o)
 .debug_rnglists
                0x000040c3       0xb8 C:/RISCV/xpack/xpack-riscv-none-elf-gcc-14.2.0-3/bin/../lib/gcc/riscv-none-elf/14.2.0\libgcc.a(mulsf3.o)
 .debug_rnglists
                0x0000417b      0x1eb C:/RISCV/xpack/xpack-riscv-none-elf-gcc-14.2.0-3/bin/../lib/gcc/riscv-none-elf/14.2.0\libgcc.a(subsf3.o)
 .debug_rnglists
                0x00004366       0x1f C:/RISCV/xpack/xpack-riscv-none-elf-gcc-14.2.0-3/bin/../lib/gcc/riscv-none-elf/14.2.0\libgcc.a(fixunssfsi.o)
 .debug_rnglists
                0x00004385       0x74 C:/RISCV/xpack/xpack-riscv-none-elf-gcc-14.2.0-3/bin/../lib/gcc/riscv-none-elf/14.2.0\libgcc.a(floatunsisf.o)

.debug_macro    0x00000000     0x3a58
 .debug_macro   0x00000000      0x1a4 ./src_kernel/src/heap_4.o
 .debug_macro   0x000001a4      0x189 ./src_kernel/src/list.o
 .debug_macro   0x0000032d      0x204 ./src_kernel/src/port.o
 .debug_macro   0x00000531       0x10 ./src_kernel/src/port.o
 .debug_macro   0x00000541       0x3c ./src_kernel/src/port.o
 .debug_macro   0x0000057d       0x1c ./src_kernel/src/port.o
 .debug_macro   0x00000599       0x10 ./src_kernel/src/port.o
 .debug_macro   0x000005a9       0x1c ./src_kernel/src/port.o
 .debug_macro   0x000005c5       0x16 ./src_kernel/src/port.o
 .debug_macro   0x000005db      0x170 ./src_kernel/src/port.o
 .debug_macro   0x0000074b       0x46 ./src_kernel/src/port.o
 .debug_macro   0x00000791       0x10 ./src_kernel/src/port.o
 .debug_macro   0x000007a1       0xa6 ./src_kernel/src/port.o
 .debug_macro   0x00000847      0x213 ./src_kernel/src/queue.o
 .debug_macro   0x00000a5a       0x16 ./src_kernel/src/queue.o
 .debug_macro   0x00000a70       0x80 ./src_kernel/src/queue.o
 .debug_macro   0x00000af0      0x270 ./src_kernel/src/tasks.o
 .debug_macro   0x00000d60       0x10 ./src_kernel/src/tasks.o
 .debug_macro   0x00000d70      0x1d8 ./src_kernel/src/timers.o
 .debug_macro   0x00000f48       0x97 ./src_kernel/src/timers.o
 .debug_macro   0x00000fdf      0x22b ./src_app/src/cui_141pf.o
 .debug_macro   0x0000120a       0x16 ./src_app/src/cui_141pf.o
 .debug_macro   0x00001220       0x9e ./src_app/src/cui_141pf.o
 .debug_macro   0x000012be      0x112 ./src_app/src/cui_141pf.o
 .debug_macro   0x000013d0       0x16 ./src_app/src/cui_141pf.o
 .debug_macro   0x000013e6       0x7e ./src_app/src/cui_141pf.o
 .debug_macro   0x00001464       0xca ./src_app/src/cui_141pf.o
 .debug_macro   0x0000152e      0x166 ./src_app/src/cui_141pf.o
 .debug_macro   0x00001694       0x2e ./src_app/src/cui_141pf.o
 .debug_macro   0x000016c2      0x15c ./src_app/src/gpio.o
 .debug_macro   0x0000181e      0x279 ./src_app/src/gui_141pf.o
 .debug_macro   0x00001a97      0x2f2 ./src_app/src/gui_141pf.o
 .debug_macro   0x00001d89      0x1d2 ./src_app/src/gui_141pf.o
 .debug_macro   0x00001f5b       0x88 ./src_app/src/gui_141pf.o
 .debug_macro   0x00001fe3      0x130 ./src_app/src/gui_141pf.o
 .debug_macro   0x00002113      0x16c ./src_app/src/gui_141pf.o
 .debug_macro   0x0000227f       0x88 ./src_app/src/gui_141pf.o
 .debug_macro   0x00002307       0x5e ./src_app/src/gui_141pf.o
 .debug_macro   0x00002365      0x166 ./src_app/src/i2c.o
 .debug_macro   0x000024cb       0x82 ./src_app/src/i2c.o
 .debug_macro   0x0000254d      0x165 ./src_app/src/interrupt.o
 .debug_macro   0x000026b2       0x1c ./src_app/src/interrupt.o
 .debug_macro   0x000026ce      0x249 ./src_app/src/main.o
 .debug_macro   0x00002917       0xac ./src_app/src/main.o
 .debug_macro   0x000029c3      0x170 ./src_app/src/mcs4.o
 .debug_macro   0x00002b33      0x15c ./src_app/src/spi.o
 .debug_macro   0x00002c8f       0x58 ./src_app/src/spi.o
 .debug_macro   0x00002ce7      0x152 ./src_app/src/system.o
 .debug_macro   0x00002e39      0x1c0 ./src_app/src/touchlcd_cap.o
 .debug_macro   0x00002ff9       0x82 ./src_app/src/touchlcd_cap.o
 .debug_macro   0x0000307b      0x1c0 ./src_app/src/touchlcd_res.o
 .debug_macro   0x0000323b      0x1cc ./src_app/src/touchlcd_res.o
 .debug_macro   0x00003407      0x1b7 ./src_app/src/touchlcd_tft.o
 .debug_macro   0x000035be      0x185 ./src_app/src/uart.o
 .debug_macro   0x00003743      0x122 ./src_app/src/xprintf.o
 .debug_macro   0x00003865       0x58 ./src_app/src/xprintf.o
 .debug_macro   0x000038bd      0x19b ./src_app/src/xprintf.o

.debug_line     0x00000000    0x39cbc
 .debug_line    0x00000000      0xcb9 ./src_kernel/src/heap_4.o
 .debug_line    0x00000cb9      0x4ad ./src_kernel/src/list.o
 .debug_line    0x00001166      0x2ad ./src_kernel/src/port.o
 .debug_line    0x00001413      0x49c ./src_kernel/src/portASM.o
 .debug_line    0x000018af     0x4be0 ./src_kernel/src/queue.o
 .debug_line    0x0000648f     0x8b4f ./src_kernel/src/tasks.o
 .debug_line    0x0000efde     0x1527 ./src_kernel/src/timers.o
 .debug_line    0x00010505     0x224f ./src_app/src/cui_141pf.o
 .debug_line    0x00012754      0x820 ./src_app/src/gpio.o
 .debug_line    0x00012f74     0x6054 ./src_app/src/gui_141pf.o
 .debug_line    0x00018fc8      0xea8 ./src_app/src/i2c.o
 .debug_line    0x00019e70       0xfb ./src_app/src/interrupt.o
 .debug_line    0x00019f6b      0x5e9 ./src_app/src/main.o
 .debug_line    0x0001a554      0x841 ./src_app/src/mcs4.o
 .debug_line    0x0001ad95      0x295 ./src_app/src/spi.o
 .debug_line    0x0001b02a      0x448 ./src_app/src/system.o
 .debug_line    0x0001b472      0x2d8 ./src_app/src/touchlcd_cap.o
 .debug_line    0x0001b74a     0x2bcf ./src_app/src/touchlcd_res.o
 .debug_line    0x0001e319     0x6c32 ./src_app/src/touchlcd_tft.o
 .debug_line    0x00024f4b      0x70b ./src_app/src/uart.o
 .debug_line    0x00025656     0x695c ./src_app/src/xprintf.o
 .debug_line    0x0002bfb2      0x11d C:/RISCV/xpack/xpack-riscv-none-elf-gcc-14.2.0-3/bin/../lib/gcc/riscv-none-elf/14.2.0\libgcc.a(_clzsi2.o)
 .debug_line    0x0002c0cf      0xa43 C:/RISCV/xpack/xpack-riscv-none-elf-gcc-14.2.0-3/bin/../lib/gcc/riscv-none-elf/14.2.0\libgcc.a(_udivdi3.o)
 .debug_line    0x0002cb12      0xad7 C:/RISCV/xpack/xpack-riscv-none-elf-gcc-14.2.0-3/bin/../lib/gcc/riscv-none-elf/14.2.0\libgcc.a(_umoddi3.o)
 .debug_line    0x0002d5e9     0x2031 C:/RISCV/xpack/xpack-riscv-none-elf-gcc-14.2.0-3/bin/../lib/gcc/riscv-none-elf/14.2.0\libgcc.a(adddf3.o)
 .debug_line    0x0002f61a     0x14f0 C:/RISCV/xpack/xpack-riscv-none-elf-gcc-14.2.0-3/bin/../lib/gcc/riscv-none-elf/14.2.0\libgcc.a(divdf3.o)
 .debug_line    0x00030b0a      0x253 C:/RISCV/xpack/xpack-riscv-none-elf-gcc-14.2.0-3/bin/../lib/gcc/riscv-none-elf/14.2.0\libgcc.a(eqdf2.o)
 .debug_line    0x00030d5d      0x43c C:/RISCV/xpack/xpack-riscv-none-elf-gcc-14.2.0-3/bin/../lib/gcc/riscv-none-elf/14.2.0\libgcc.a(gedf2.o)
 .debug_line    0x00031199      0x45a C:/RISCV/xpack/xpack-riscv-none-elf-gcc-14.2.0-3/bin/../lib/gcc/riscv-none-elf/14.2.0\libgcc.a(ledf2.o)
 .debug_line    0x000315f3     0x1244 C:/RISCV/xpack/xpack-riscv-none-elf-gcc-14.2.0-3/bin/../lib/gcc/riscv-none-elf/14.2.0\libgcc.a(muldf3.o)
 .debug_line    0x00032837     0x212e C:/RISCV/xpack/xpack-riscv-none-elf-gcc-14.2.0-3/bin/../lib/gcc/riscv-none-elf/14.2.0\libgcc.a(subdf3.o)
 .debug_line    0x00034965      0x1ad C:/RISCV/xpack/xpack-riscv-none-elf-gcc-14.2.0-3/bin/../lib/gcc/riscv-none-elf/14.2.0\libgcc.a(unorddf2.o)
 .debug_line    0x00034b12      0x1f0 C:/RISCV/xpack/xpack-riscv-none-elf-gcc-14.2.0-3/bin/../lib/gcc/riscv-none-elf/14.2.0\libgcc.a(fixdfsi.o)
 .debug_line    0x00034d02      0x269 C:/RISCV/xpack/xpack-riscv-none-elf-gcc-14.2.0-3/bin/../lib/gcc/riscv-none-elf/14.2.0\libgcc.a(floatsidf.o)
 .debug_line    0x00034f6b     0x1416 C:/RISCV/xpack/xpack-riscv-none-elf-gcc-14.2.0-3/bin/../lib/gcc/riscv-none-elf/14.2.0\libgcc.a(addsf3.o)
 .debug_line    0x00036381      0xa57 C:/RISCV/xpack/xpack-riscv-none-elf-gcc-14.2.0-3/bin/../lib/gcc/riscv-none-elf/14.2.0\libgcc.a(divsf3.o)
 .debug_line    0x00036dd8      0x3f6 C:/RISCV/xpack/xpack-riscv-none-elf-gcc-14.2.0-3/bin/../lib/gcc/riscv-none-elf/14.2.0\libgcc.a(gesf2.o)
 .debug_line    0x000371ce      0x400 C:/RISCV/xpack/xpack-riscv-none-elf-gcc-14.2.0-3/bin/../lib/gcc/riscv-none-elf/14.2.0\libgcc.a(lesf2.o)
 .debug_line    0x000375ce      0xaba C:/RISCV/xpack/xpack-riscv-none-elf-gcc-14.2.0-3/bin/../lib/gcc/riscv-none-elf/14.2.0\libgcc.a(mulsf3.o)
 .debug_line    0x00038088     0x15ca C:/RISCV/xpack/xpack-riscv-none-elf-gcc-14.2.0-3/bin/../lib/gcc/riscv-none-elf/14.2.0\libgcc.a(subsf3.o)
 .debug_line    0x00039652      0x1ac C:/RISCV/xpack/xpack-riscv-none-elf-gcc-14.2.0-3/bin/../lib/gcc/riscv-none-elf/14.2.0\libgcc.a(fixunssfsi.o)
 .debug_line    0x000397fe      0x47f C:/RISCV/xpack/xpack-riscv-none-elf-gcc-14.2.0-3/bin/../lib/gcc/riscv-none-elf/14.2.0\libgcc.a(floatunsisf.o)
 .debug_line    0x00039c7d       0x3f C:/RISCV/xpack/xpack-riscv-none-elf-gcc-14.2.0-3/bin/../lib/gcc/riscv-none-elf/14.2.0\libgcc.a(_clz.o)

.debug_str      0x00000000    0x1408e
 .debug_str     0x00000000    0x1408e ./src_kernel/src/heap_4.o
                               0xb6f6 (size before relaxing)
 .debug_str     0x0001408e     0xa230 ./src_kernel/src/list.o
 .debug_str     0x0001408e     0xbdfd ./src_kernel/src/port.o
 .debug_str     0x0001408e       0x68 ./src_kernel/src/portASM.o
 .debug_str     0x0001408e     0xc60b ./src_kernel/src/queue.o
 .debug_str     0x0001408e     0xd302 ./src_kernel/src/tasks.o
 .debug_str     0x0001408e     0xcaff ./src_kernel/src/timers.o
 .debug_str     0x0001408e     0xd31f ./src_app/src/cui_141pf.o
 .debug_str     0x0001408e     0x71c2 ./src_app/src/gpio.o
 .debug_str     0x0001408e     0xf21a ./src_app/src/gui_141pf.o
 .debug_str     0x0001408e     0x6f28 ./src_app/src/i2c.o
 .debug_str     0x0001408e     0x6fe4 ./src_app/src/interrupt.o
 .debug_str     0x0001408e     0xdee0 ./src_app/src/main.o
 .debug_str     0x0001408e     0x7205 ./src_app/src/mcs4.o
 .debug_str     0x0001408e     0x6e70 ./src_app/src/spi.o
 .debug_str     0x0001408e     0x6e58 ./src_app/src/system.o
 .debug_str     0x0001408e     0x84e5 ./src_app/src/touchlcd_cap.o
 .debug_str     0x0001408e     0x8855 ./src_app/src/touchlcd_res.o
 .debug_str     0x0001408e     0x81a4 ./src_app/src/touchlcd_tft.o
 .debug_str     0x0001408e     0x7575 ./src_app/src/uart.o
 .debug_str     0x0001408e     0x65b8 ./src_app/src/xprintf.o
 .debug_str     0x0001408e      0x1ef C:/RISCV/xpack/xpack-riscv-none-elf-gcc-14.2.0-3/bin/../lib/gcc/riscv-none-elf/14.2.0\libgcc.a(_clzsi2.o)
 .debug_str     0x0001408e      0x285 C:/RISCV/xpack/xpack-riscv-none-elf-gcc-14.2.0-3/bin/../lib/gcc/riscv-none-elf/14.2.0\libgcc.a(_udivdi3.o)
 .debug_str     0x0001408e      0x285 C:/RISCV/xpack/xpack-riscv-none-elf-gcc-14.2.0-3/bin/../lib/gcc/riscv-none-elf/14.2.0\libgcc.a(_umoddi3.o)
 .debug_str     0x0001408e      0x2bf C:/RISCV/xpack/xpack-riscv-none-elf-gcc-14.2.0-3/bin/../lib/gcc/riscv-none-elf/14.2.0\libgcc.a(adddf3.o)
 .debug_str     0x0001408e      0x381 C:/RISCV/xpack/xpack-riscv-none-elf-gcc-14.2.0-3/bin/../lib/gcc/riscv-none-elf/14.2.0\libgcc.a(divdf3.o)
 .debug_str     0x0001408e      0x1d1 C:/RISCV/xpack/xpack-riscv-none-elf-gcc-14.2.0-3/bin/../lib/gcc/riscv-none-elf/14.2.0\libgcc.a(eqdf2.o)
 .debug_str     0x0001408e      0x1f5 C:/RISCV/xpack/xpack-riscv-none-elf-gcc-14.2.0-3/bin/../lib/gcc/riscv-none-elf/14.2.0\libgcc.a(gedf2.o)
 .debug_str     0x0001408e      0x1f5 C:/RISCV/xpack/xpack-riscv-none-elf-gcc-14.2.0-3/bin/../lib/gcc/riscv-none-elf/14.2.0\libgcc.a(ledf2.o)
 .debug_str     0x0001408e      0x3d9 C:/RISCV/xpack/xpack-riscv-none-elf-gcc-14.2.0-3/bin/../lib/gcc/riscv-none-elf/14.2.0\libgcc.a(muldf3.o)
 .debug_str     0x0001408e      0x2bf C:/RISCV/xpack/xpack-riscv-none-elf-gcc-14.2.0-3/bin/../lib/gcc/riscv-none-elf/14.2.0\libgcc.a(subdf3.o)
 .debug_str     0x0001408e      0x1d4 C:/RISCV/xpack/xpack-riscv-none-elf-gcc-14.2.0-3/bin/../lib/gcc/riscv-none-elf/14.2.0\libgcc.a(unorddf2.o)
 .debug_str     0x0001408e      0x1cc C:/RISCV/xpack/xpack-riscv-none-elf-gcc-14.2.0-3/bin/../lib/gcc/riscv-none-elf/14.2.0\libgcc.a(fixdfsi.o)
 .debug_str     0x0001408e      0x269 C:/RISCV/xpack/xpack-riscv-none-elf-gcc-14.2.0-3/bin/../lib/gcc/riscv-none-elf/14.2.0\libgcc.a(floatsidf.o)
 .debug_str     0x0001408e      0x282 C:/RISCV/xpack/xpack-riscv-none-elf-gcc-14.2.0-3/bin/../lib/gcc/riscv-none-elf/14.2.0\libgcc.a(addsf3.o)
 .debug_str     0x0001408e      0x2ec C:/RISCV/xpack/xpack-riscv-none-elf-gcc-14.2.0-3/bin/../lib/gcc/riscv-none-elf/14.2.0\libgcc.a(divsf3.o)
 .debug_str     0x0001408e      0x1d9 C:/RISCV/xpack/xpack-riscv-none-elf-gcc-14.2.0-3/bin/../lib/gcc/riscv-none-elf/14.2.0\libgcc.a(gesf2.o)
 .debug_str     0x0001408e      0x1d9 C:/RISCV/xpack/xpack-riscv-none-elf-gcc-14.2.0-3/bin/../lib/gcc/riscv-none-elf/14.2.0\libgcc.a(lesf2.o)
 .debug_str     0x0001408e      0x2a7 C:/RISCV/xpack/xpack-riscv-none-elf-gcc-14.2.0-3/bin/../lib/gcc/riscv-none-elf/14.2.0\libgcc.a(mulsf3.o)
 .debug_str     0x0001408e      0x282 C:/RISCV/xpack/xpack-riscv-none-elf-gcc-14.2.0-3/bin/../lib/gcc/riscv-none-elf/14.2.0\libgcc.a(subsf3.o)
 .debug_str     0x0001408e      0x1b6 C:/RISCV/xpack/xpack-riscv-none-elf-gcc-14.2.0-3/bin/../lib/gcc/riscv-none-elf/14.2.0\libgcc.a(fixunssfsi.o)
 .debug_str     0x0001408e      0x245 C:/RISCV/xpack/xpack-riscv-none-elf-gcc-14.2.0-3/bin/../lib/gcc/riscv-none-elf/14.2.0\libgcc.a(floatunsisf.o)
 .debug_str     0x0001408e      0x1d2 C:/RISCV/xpack/xpack-riscv-none-elf-gcc-14.2.0-3/bin/../lib/gcc/riscv-none-elf/14.2.0\libgcc.a(_clz.o)

.debug_line_str
                0x00000000     0x117f
 .debug_line_str
                0x00000000     0x117f ./src_kernel/src/heap_4.o
                                0x375 (size before relaxing)
 .debug_line_str
                0x0000117f      0x368 ./src_kernel/src/list.o
 .debug_line_str
                0x0000117f      0x3f6 ./src_kernel/src/port.o
 .debug_line_str
                0x0000117f       0x5a ./src_kernel/src/portASM.o
 .debug_line_str
                0x0000117f      0x3ab ./src_kernel/src/queue.o
 .debug_line_str
                0x0000117f      0x3b0 ./src_kernel/src/tasks.o
 .debug_line_str
                0x0000117f      0x386 ./src_kernel/src/timers.o
 .debug_line_str
                0x0000117f      0x411 ./src_app/src/cui_141pf.o
 .debug_line_str
                0x0000117f      0x30a ./src_app/src/gpio.o
 .debug_line_str
                0x0000117f      0x451 ./src_app/src/gui_141pf.o
 .debug_line_str
                0x0000117f      0x30f ./src_app/src/i2c.o
 .debug_line_str
                0x0000117f      0x324 ./src_app/src/interrupt.o
 .debug_line_str
                0x0000117f      0x440 ./src_app/src/main.o
 .debug_line_str
                0x0000117f      0x31a ./src_app/src/mcs4.o
 .debug_line_str
                0x0000117f      0x306 ./src_app/src/spi.o
 .debug_line_str
                0x0000117f      0x30f ./src_app/src/system.o
 .debug_line_str
                0x0000117f      0x379 ./src_app/src/touchlcd_cap.o
 .debug_line_str
                0x0000117f      0x371 ./src_app/src/touchlcd_res.o
 .debug_line_str
                0x0000117f      0x362 ./src_app/src/touchlcd_tft.o
 .debug_line_str
                0x0000117f      0x32c ./src_app/src/uart.o
 .debug_line_str
                0x0000117f      0x2fa ./src_app/src/xprintf.o
 .debug_line_str
                0x0000117f      0x24c C:/RISCV/xpack/xpack-riscv-none-elf-gcc-14.2.0-3/bin/../lib/gcc/riscv-none-elf/14.2.0\libgcc.a(_clzsi2.o)
 .debug_line_str
                0x0000117f      0x24c C:/RISCV/xpack/xpack-riscv-none-elf-gcc-14.2.0-3/bin/../lib/gcc/riscv-none-elf/14.2.0\libgcc.a(_udivdi3.o)
 .debug_line_str
                0x0000117f      0x24c C:/RISCV/xpack/xpack-riscv-none-elf-gcc-14.2.0-3/bin/../lib/gcc/riscv-none-elf/14.2.0\libgcc.a(_umoddi3.o)
 .debug_line_str
                0x0000117f      0x258 C:/RISCV/xpack/xpack-riscv-none-elf-gcc-14.2.0-3/bin/../lib/gcc/riscv-none-elf/14.2.0\libgcc.a(adddf3.o)
 .debug_line_str
                0x0000117f      0x262 C:/RISCV/xpack/xpack-riscv-none-elf-gcc-14.2.0-3/bin/../lib/gcc/riscv-none-elf/14.2.0\libgcc.a(divdf3.o)
 .debug_line_str
                0x0000117f      0x265 C:/RISCV/xpack/xpack-riscv-none-elf-gcc-14.2.0-3/bin/../lib/gcc/riscv-none-elf/14.2.0\libgcc.a(eqdf2.o)
 .debug_line_str
                0x0000117f      0x265 C:/RISCV/xpack/xpack-riscv-none-elf-gcc-14.2.0-3/bin/../lib/gcc/riscv-none-elf/14.2.0\libgcc.a(gedf2.o)
 .debug_line_str
                0x0000117f      0x265 C:/RISCV/xpack/xpack-riscv-none-elf-gcc-14.2.0-3/bin/../lib/gcc/riscv-none-elf/14.2.0\libgcc.a(ledf2.o)
 .debug_line_str
                0x0000117f      0x262 C:/RISCV/xpack/xpack-riscv-none-elf-gcc-14.2.0-3/bin/../lib/gcc/riscv-none-elf/14.2.0\libgcc.a(muldf3.o)
 .debug_line_str
                0x0000117f      0x258 C:/RISCV/xpack/xpack-riscv-none-elf-gcc-14.2.0-3/bin/../lib/gcc/riscv-none-elf/14.2.0\libgcc.a(subdf3.o)
 .debug_line_str
                0x0000117f      0x26e C:/RISCV/xpack/xpack-riscv-none-elf-gcc-14.2.0-3/bin/../lib/gcc/riscv-none-elf/14.2.0\libgcc.a(unorddf2.o)
 .debug_line_str
                0x0000117f      0x265 C:/RISCV/xpack/xpack-riscv-none-elf-gcc-14.2.0-3/bin/../lib/gcc/riscv-none-elf/14.2.0\libgcc.a(fixdfsi.o)
 .debug_line_str
                0x0000117f      0x26b C:/RISCV/xpack/xpack-riscv-none-elf-gcc-14.2.0-3/bin/../lib/gcc/riscv-none-elf/14.2.0\libgcc.a(floatsidf.o)
 .debug_line_str
                0x0000117f      0x258 C:/RISCV/xpack/xpack-riscv-none-elf-gcc-14.2.0-3/bin/../lib/gcc/riscv-none-elf/14.2.0\libgcc.a(addsf3.o)
 .debug_line_str
                0x0000117f      0x258 C:/RISCV/xpack/xpack-riscv-none-elf-gcc-14.2.0-3/bin/../lib/gcc/riscv-none-elf/14.2.0\libgcc.a(divsf3.o)
 .debug_line_str
                0x0000117f      0x265 C:/RISCV/xpack/xpack-riscv-none-elf-gcc-14.2.0-3/bin/../lib/gcc/riscv-none-elf/14.2.0\libgcc.a(gesf2.o)
 .debug_line_str
                0x0000117f      0x265 C:/RISCV/xpack/xpack-riscv-none-elf-gcc-14.2.0-3/bin/../lib/gcc/riscv-none-elf/14.2.0\libgcc.a(lesf2.o)
 .debug_line_str
                0x0000117f      0x262 C:/RISCV/xpack/xpack-riscv-none-elf-gcc-14.2.0-3/bin/../lib/gcc/riscv-none-elf/14.2.0\libgcc.a(mulsf3.o)
 .debug_line_str
                0x0000117f      0x258 C:/RISCV/xpack/xpack-riscv-none-elf-gcc-14.2.0-3/bin/../lib/gcc/riscv-none-elf/14.2.0\libgcc.a(subsf3.o)
 .debug_line_str
                0x0000117f      0x26e C:/RISCV/xpack/xpack-riscv-none-elf-gcc-14.2.0-3/bin/../lib/gcc/riscv-none-elf/14.2.0\libgcc.a(fixunssfsi.o)
 .debug_line_str
                0x0000117f      0x271 C:/RISCV/xpack/xpack-riscv-none-elf-gcc-14.2.0-3/bin/../lib/gcc/riscv-none-elf/14.2.0\libgcc.a(floatunsisf.o)
 .debug_line_str
                0x0000117f      0x24c C:/RISCV/xpack/xpack-riscv-none-elf-gcc-14.2.0-3/bin/../lib/gcc/riscv-none-elf/14.2.0\libgcc.a(_clz.o)

.comment        0x00000000       0x33
 .comment       0x00000000       0x33 ./src_kernel/src/heap_4.o
                                 0x34 (size before relaxing)
 .comment       0x00000033       0x34 ./src_kernel/src/list.o
 .comment       0x00000033       0x34 ./src_kernel/src/port.o
 .comment       0x00000033       0x34 ./src_kernel/src/queue.o
 .comment       0x00000033       0x34 ./src_kernel/src/tasks.o
 .comment       0x00000033       0x34 ./src_kernel/src/timers.o
 .comment       0x00000033       0x34 ./src_app/src/cui_141pf.o
 .comment       0x00000033       0x34 ./src_app/src/gpio.o
 .comment       0x00000033       0x34 ./src_app/src/gui_141pf.o
 .comment       0x00000033       0x34 ./src_app/src/i2c.o
 .comment       0x00000033       0x34 ./src_app/src/interrupt.o
 .comment       0x00000033       0x34 ./src_app/src/main.o
 .comment       0x00000033       0x34 ./src_app/src/mcs4.o
 .comment       0x00000033       0x34 ./src_app/src/spi.o
 .comment       0x00000033       0x34 ./src_app/src/system.o
 .comment       0x00000033       0x34 ./src_app/src/touchlcd_cap.o
 .comment       0x00000033       0x34 ./src_app/src/touchlcd_res.o
 .comment       0x00000033       0x34 ./src_app/src/touchlcd_tft.o
 .comment       0x00000033       0x34 ./src_app/src/uart.o
 .comment       0x00000033       0x34 ./src_app/src/xprintf.o
 .comment       0x00000033       0x34 C:/RISCV/xpack/xpack-riscv-none-elf-gcc-14.2.0-3/bin/../lib/gcc/riscv-none-elf/14.2.0/../../../../riscv-none-elf/lib\libc.a(libc_a-memcpy.o)
 .comment       0x00000033       0x34 C:/RISCV/xpack/xpack-riscv-none-elf-gcc-14.2.0-3/bin/../lib/gcc/riscv-none-elf/14.2.0/../../../../riscv-none-elf/lib\libc.a(libc_a-strlen.o)
 .comment       0x00000033       0x34 C:/RISCV/xpack/xpack-riscv-none-elf-gcc-14.2.0-3/bin/../lib/gcc/riscv-none-elf/14.2.0\libgcc.a(_clzsi2.o)
 .comment       0x00000033       0x34 C:/RISCV/xpack/xpack-riscv-none-elf-gcc-14.2.0-3/bin/../lib/gcc/riscv-none-elf/14.2.0\libgcc.a(_udivdi3.o)
 .comment       0x00000033       0x34 C:/RISCV/xpack/xpack-riscv-none-elf-gcc-14.2.0-3/bin/../lib/gcc/riscv-none-elf/14.2.0\libgcc.a(_umoddi3.o)
 .comment       0x00000033       0x34 C:/RISCV/xpack/xpack-riscv-none-elf-gcc-14.2.0-3/bin/../lib/gcc/riscv-none-elf/14.2.0\libgcc.a(adddf3.o)
 .comment       0x00000033       0x34 C:/RISCV/xpack/xpack-riscv-none-elf-gcc-14.2.0-3/bin/../lib/gcc/riscv-none-elf/14.2.0\libgcc.a(divdf3.o)
 .comment       0x00000033       0x34 C:/RISCV/xpack/xpack-riscv-none-elf-gcc-14.2.0-3/bin/../lib/gcc/riscv-none-elf/14.2.0\libgcc.a(eqdf2.o)
 .comment       0x00000033       0x34 C:/RISCV/xpack/xpack-riscv-none-elf-gcc-14.2.0-3/bin/../lib/gcc/riscv-none-elf/14.2.0\libgcc.a(gedf2.o)
 .comment       0x00000033       0x34 C:/RISCV/xpack/xpack-riscv-none-elf-gcc-14.2.0-3/bin/../lib/gcc/riscv-none-elf/14.2.0\libgcc.a(ledf2.o)
 .comment       0x00000033       0x34 C:/RISCV/xpack/xpack-riscv-none-elf-gcc-14.2.0-3/bin/../lib/gcc/riscv-none-elf/14.2.0\libgcc.a(muldf3.o)
 .comment       0x00000033       0x34 C:/RISCV/xpack/xpack-riscv-none-elf-gcc-14.2.0-3/bin/../lib/gcc/riscv-none-elf/14.2.0\libgcc.a(subdf3.o)
 .comment       0x00000033       0x34 C:/RISCV/xpack/xpack-riscv-none-elf-gcc-14.2.0-3/bin/../lib/gcc/riscv-none-elf/14.2.0\libgcc.a(unorddf2.o)
 .comment       0x00000033       0x34 C:/RISCV/xpack/xpack-riscv-none-elf-gcc-14.2.0-3/bin/../lib/gcc/riscv-none-elf/14.2.0\libgcc.a(fixdfsi.o)
 .comment       0x00000033       0x34 C:/RISCV/xpack/xpack-riscv-none-elf-gcc-14.2.0-3/bin/../lib/gcc/riscv-none-elf/14.2.0\libgcc.a(floatsidf.o)
 .comment       0x00000033       0x34 C:/RISCV/xpack/xpack-riscv-none-elf-gcc-14.2.0-3/bin/../lib/gcc/riscv-none-elf/14.2.0\libgcc.a(addsf3.o)
 .comment       0x00000033       0x34 C:/RISCV/xpack/xpack-riscv-none-elf-gcc-14.2.0-3/bin/../lib/gcc/riscv-none-elf/14.2.0\libgcc.a(divsf3.o)
 .comment       0x00000033       0x34 C:/RISCV/xpack/xpack-riscv-none-elf-gcc-14.2.0-3/bin/../lib/gcc/riscv-none-elf/14.2.0\libgcc.a(gesf2.o)
 .comment       0x00000033       0x34 C:/RISCV/xpack/xpack-riscv-none-elf-gcc-14.2.0-3/bin/../lib/gcc/riscv-none-elf/14.2.0\libgcc.a(lesf2.o)
 .comment       0x00000033       0x34 C:/RISCV/xpack/xpack-riscv-none-elf-gcc-14.2.0-3/bin/../lib/gcc/riscv-none-elf/14.2.0\libgcc.a(mulsf3.o)
 .comment       0x00000033       0x34 C:/RISCV/xpack/xpack-riscv-none-elf-gcc-14.2.0-3/bin/../lib/gcc/riscv-none-elf/14.2.0\libgcc.a(subsf3.o)
 .comment       0x00000033       0x34 C:/RISCV/xpack/xpack-riscv-none-elf-gcc-14.2.0-3/bin/../lib/gcc/riscv-none-elf/14.2.0\libgcc.a(fixunssfsi.o)
 .comment       0x00000033       0x34 C:/RISCV/xpack/xpack-riscv-none-elf-gcc-14.2.0-3/bin/../lib/gcc/riscv-none-elf/14.2.0\libgcc.a(floatunsisf.o)
 .comment       0x00000033       0x34 C:/RISCV/xpack/xpack-riscv-none-elf-gcc-14.2.0-3/bin/../lib/gcc/riscv-none-elf/14.2.0\libgcc.a(_clz.o)

.note.GNU-stack
                0x00000000        0x0
 .note.GNU-stack
                0x00000000        0x0 ./src_kernel/src/heap_4.o
 .note.GNU-stack
                0x00000000        0x0 ./src_kernel/src/list.o
 .note.GNU-stack
                0x00000000        0x0 ./src_kernel/src/port.o
 .note.GNU-stack
                0x00000000        0x0 ./src_kernel/src/queue.o
 .note.GNU-stack
                0x00000000        0x0 ./src_kernel/src/tasks.o
 .note.GNU-stack
                0x00000000        0x0 ./src_kernel/src/timers.o
 .note.GNU-stack
                0x00000000        0x0 ./src_app/src/cui_141pf.o
 .note.GNU-stack
                0x00000000        0x0 ./src_app/src/gpio.o
 .note.GNU-stack
                0x00000000        0x0 ./src_app/src/gui_141pf.o
 .note.GNU-stack
                0x00000000        0x0 ./src_app/src/i2c.o
 .note.GNU-stack
                0x00000000        0x0 ./src_app/src/interrupt.o
 .note.GNU-stack
                0x00000000        0x0 ./src_app/src/main.o
 .note.GNU-stack
                0x00000000        0x0 ./src_app/src/mcs4.o
 .note.GNU-stack
                0x00000000        0x0 ./src_app/src/spi.o
 .note.GNU-stack
                0x00000000        0x0 ./src_app/src/system.o
 .note.GNU-stack
                0x00000000        0x0 ./src_app/src/touchlcd_cap.o
 .note.GNU-stack
                0x00000000        0x0 ./src_app/src/touchlcd_res.o
 .note.GNU-stack
                0x00000000        0x0 ./src_app/src/touchlcd_tft.o
 .note.GNU-stack
                0x00000000        0x0 ./src_app/src/uart.o
 .note.GNU-stack
                0x00000000        0x0 ./src_app/src/xprintf.o
 .note.GNU-stack
                0x00000000        0x0 C:/RISCV/xpack/xpack-riscv-none-elf-gcc-14.2.0-3/bin/../lib/gcc/riscv-none-elf/14.2.0/../../../../riscv-none-elf/lib\libc.a(libc_a-memcpy.o)
 .note.GNU-stack
                0x00000000        0x0 C:/RISCV/xpack/xpack-riscv-none-elf-gcc-14.2.0-3/bin/../lib/gcc/riscv-none-elf/14.2.0/../../../../riscv-none-elf/lib\libc.a(libc_a-strlen.o)
 .note.GNU-stack
                0x00000000        0x0 C:/RISCV/xpack/xpack-riscv-none-elf-gcc-14.2.0-3/bin/../lib/gcc/riscv-none-elf/14.2.0\libgcc.a(_clzsi2.o)
 .note.GNU-stack
                0x00000000        0x0 C:/RISCV/xpack/xpack-riscv-none-elf-gcc-14.2.0-3/bin/../lib/gcc/riscv-none-elf/14.2.0\libgcc.a(_udivdi3.o)
 .note.GNU-stack
                0x00000000        0x0 C:/RISCV/xpack/xpack-riscv-none-elf-gcc-14.2.0-3/bin/../lib/gcc/riscv-none-elf/14.2.0\libgcc.a(_umoddi3.o)
 .note.GNU-stack
                0x00000000        0x0 C:/RISCV/xpack/xpack-riscv-none-elf-gcc-14.2.0-3/bin/../lib/gcc/riscv-none-elf/14.2.0\libgcc.a(adddf3.o)
 .note.GNU-stack
                0x00000000        0x0 C:/RISCV/xpack/xpack-riscv-none-elf-gcc-14.2.0-3/bin/../lib/gcc/riscv-none-elf/14.2.0\libgcc.a(divdf3.o)
 .note.GNU-stack
                0x00000000        0x0 C:/RISCV/xpack/xpack-riscv-none-elf-gcc-14.2.0-3/bin/../lib/gcc/riscv-none-elf/14.2.0\libgcc.a(eqdf2.o)
 .note.GNU-stack
                0x00000000        0x0 C:/RISCV/xpack/xpack-riscv-none-elf-gcc-14.2.0-3/bin/../lib/gcc/riscv-none-elf/14.2.0\libgcc.a(gedf2.o)
 .note.GNU-stack
                0x00000000        0x0 C:/RISCV/xpack/xpack-riscv-none-elf-gcc-14.2.0-3/bin/../lib/gcc/riscv-none-elf/14.2.0\libgcc.a(ledf2.o)
 .note.GNU-stack
                0x00000000        0x0 C:/RISCV/xpack/xpack-riscv-none-elf-gcc-14.2.0-3/bin/../lib/gcc/riscv-none-elf/14.2.0\libgcc.a(muldf3.o)
 .note.GNU-stack
                0x00000000        0x0 C:/RISCV/xpack/xpack-riscv-none-elf-gcc-14.2.0-3/bin/../lib/gcc/riscv-none-elf/14.2.0\libgcc.a(subdf3.o)
 .note.GNU-stack
                0x00000000        0x0 C:/RISCV/xpack/xpack-riscv-none-elf-gcc-14.2.0-3/bin/../lib/gcc/riscv-none-elf/14.2.0\libgcc.a(unorddf2.o)
 .note.GNU-stack
                0x00000000        0x0 C:/RISCV/xpack/xpack-riscv-none-elf-gcc-14.2.0-3/bin/../lib/gcc/riscv-none-elf/14.2.0\libgcc.a(fixdfsi.o)
 .note.GNU-stack
                0x00000000        0x0 C:/RISCV/xpack/xpack-riscv-none-elf-gcc-14.2.0-3/bin/../lib/gcc/riscv-none-elf/14.2.0\libgcc.a(floatsidf.o)
 .note.GNU-stack
                0x00000000        0x0 C:/RISCV/xpack/xpack-riscv-none-elf-gcc-14.2.0-3/bin/../lib/gcc/riscv-none-elf/14.2.0\libgcc.a(addsf3.o)
 .note.GNU-stack
                0x00000000        0x0 C:/RISCV/xpack/xpack-riscv-none-elf-gcc-14.2.0-3/bin/../lib/gcc/riscv-none-elf/14.2.0\libgcc.a(divsf3.o)
 .note.GNU-stack